# Path: crusn
# Arch: arm64
# Object files:
[  0] linker synthesized
[  1] CMakeFiles/crusn.dir/src/core/input.c.o
[  2] CMakeFiles/crusn.dir/src/core/output.c.o
[  3] CMakeFiles/crusn.dir/src/core/machine.c.o
[  4] CMakeFiles/crusn.dir/src/core/memory.c.o
[  5] CMakeFiles/crusn.dir/src/core/romreader.c.o
[  6] CMakeFiles/crusn.dir/src/core/trace.c.o
[  7] CMakeFiles/crusn.dir/src/core/validator.c.o
[  8] CMakeFiles/crusn.dir/src/game/attrdrne.c.o
[  9] CMakeFiles/crusn.dir/src/game/attracta.c.o
[ 10] CMakeFiles/crusn.dir/src/game/audits.c.o
[ 11] CMakeFiles/crusn.dir/src/game/backgrnd.c.o
[ 12] CMakeFiles/crusn.dir/src/game/bonus.c.o
[ 13] CMakeFiles/crusn.dir/src/game/bssstart.c.o
[ 14] CMakeFiles/crusn.dir/src/core/c3x_float.c.o
[ 15] CMakeFiles/crusn.dir/src/game/chopper.c.o
[ 16] CMakeFiles/crusn.dir/src/game/cksum.c.o
[ 17] CMakeFiles/crusn.dir/src/game/cmos.c.o
[ 18] CMakeFiles/crusn.dir/src/game/cointab.c.o
[ 19] CMakeFiles/crusn.dir/src/game/colla.c.o
[ 20] CMakeFiles/crusn.dir/src/game/coin.c.o
[ 21] CMakeFiles/crusn.dir/src/game/commdrne.c.o
[ 22] CMakeFiles/crusn.dir/src/game/commq.c.o
[ 23] CMakeFiles/crusn.dir/src/game/comm.c.o
[ 24] CMakeFiles/crusn.dir/src/game/comp.c.o
[ 25] CMakeFiles/crusn.dir/src/game/cornobj.c.o
[ 26] CMakeFiles/crusn.dir/src/game/cusa.c.o
[ 27] CMakeFiles/crusn.dir/src/game/date.c.o
[ 28] CMakeFiles/crusn.dir/src/game/delta.c.o
[ 29] CMakeFiles/crusn.dir/src/game/diag.c.o
[ 30] CMakeFiles/crusn.dir/src/game/dirq.c.o
[ 31] CMakeFiles/crusn.dir/src/game/drones.c.o
[ 32] CMakeFiles/crusn.dir/src/game/effects.c.o
[ 33] CMakeFiles/crusn.dir/src/game/error.c.o
[ 34] CMakeFiles/crusn.dir/src/game/flame.c.o
[ 35] CMakeFiles/crusn.dir/src/game/font1a.c.o
[ 36] CMakeFiles/crusn.dir/src/game/font.c.o
[ 37] CMakeFiles/crusn.dir/src/game/galil.c.o
[ 38] CMakeFiles/crusn.dir/src/game/heads.c.o
[ 39] CMakeFiles/crusn.dir/src/game/hottub.c.o
[ 40] CMakeFiles/crusn.dir/src/game/hpmath.c.o
[ 41] CMakeFiles/crusn.dir/src/game/hstdp.c.o
[ 42] CMakeFiles/crusn.dir/src/game/hud.c.o
[ 43] CMakeFiles/crusn.dir/src/game/infin.c.o
[ 44] CMakeFiles/crusn.dir/src/game/intro.c.o
[ 45] CMakeFiles/crusn.dir/src/game/invtab30.c.o
[ 46] CMakeFiles/crusn.dir/src/game/leg.c.o
[ 47] CMakeFiles/crusn.dir/src/game/line.c.o
[ 48] CMakeFiles/crusn.dir/src/game/map.c.o
[ 49] CMakeFiles/crusn.dir/src/game/math_cusa.c.o
[ 50] CMakeFiles/crusn.dir/src/game/memtest.c.o
[ 51] CMakeFiles/crusn.dir/src/game/motion.c.o
[ 52] CMakeFiles/crusn.dir/src/game/mproc.c.o
[ 53] CMakeFiles/crusn.dir/src/game/obj.c.o
[ 54] CMakeFiles/crusn.dir/src/game/objects.c.o
[ 55] CMakeFiles/crusn.dir/src/game/overlay.c.o
[ 56] CMakeFiles/crusn.dir/src/game/pall.c.o
[ 57] CMakeFiles/crusn.dir/src/game/plyr.c.o
[ 58] CMakeFiles/crusn.dir/src/game/racer.c.o
[ 59] CMakeFiles/crusn.dir/src/game/rho.c.o
[ 60] CMakeFiles/crusn.dir/src/game/routs.c.o
[ 61] CMakeFiles/crusn.dir/src/game/rroad.c.o
[ 62] CMakeFiles/crusn.dir/src/game/roadblck.c.o
[ 63] CMakeFiles/crusn.dir/src/game/roadkill.c.o
[ 64] CMakeFiles/crusn.dir/src/game/setups.c.o
[ 65] CMakeFiles/crusn.dir/src/game/sigma.c.o
[ 66] CMakeFiles/crusn.dir/src/game/smoke.c.o
[ 67] CMakeFiles/crusn.dir/src/game/sndtaba.c.o
[ 68] CMakeFiles/crusn.dir/src/game/snd.c.o
[ 69] CMakeFiles/crusn.dir/src/game/texttab.c.o
[ 70] CMakeFiles/crusn.dir/src/game/text.c.o
[ 71] CMakeFiles/crusn.dir/src/game/totala.c.o
[ 72] CMakeFiles/crusn.dir/src/game/tracksel.c.o
[ 73] CMakeFiles/crusn.dir/src/game/trans.c.o
[ 74] CMakeFiles/crusn.dir/src/game/util.c.o
[ 75] CMakeFiles/crusn.dir/src/game/wave.c.o
[ 76] CMakeFiles/crusn.dir/src/game/wheel.c.o
[ 77] CMakeFiles/crusn.dir/src/platform/sdl_main.c.o
[ 78] CMakeFiles/crusn.dir/src/platform/sdl_video.c.o
[ 79] /opt/homebrew/Cellar/sdl2/2.32.10/lib/libSDL2.dylib
[ 80] /Library/Developer/CommandLineTools/usr/lib/clang/17/lib/darwin/libclang_rt.asan_osx_dynamic.dylib
[ 81] /Library/Developer/CommandLineTools/SDKs/MacOSX.sdk/usr/lib/libSystem.tbd
[ 82] /Library/Developer/CommandLineTools/SDKs/MacOSX.sdk/usr/lib/system/libdyld.tbd
[ 83] /Library/Developer/CommandLineTools/SDKs/MacOSX.sdk/usr/lib/system/libsystem_c.tbd
[ 84] /Library/Developer/CommandLineTools/SDKs/MacOSX.sdk/usr/lib/system/libsystem_m.tbd
[ 85] /Library/Developer/CommandLineTools/SDKs/MacOSX.sdk/usr/lib/system/libsystem_malloc.tbd
# Sections:
# Address	Size    	Segment	Section
0x100001538	0x000CE33C	__TEXT	__text
0x1000CF874	0x000003A8	__TEXT	__stubs
0x1000CFC1C	0x00000138	__TEXT	__init_offsets
0x1000CFD54	0x00003759	__TEXT	__cstring
0x1000D34C0	0x0000160E	__TEXT	__const
0x1000D4AE0	0x0000A0A0	__TEXT	__asan_cstring
0x1000DEB80	0x00001E10	__TEXT	__unwind_info
0x1000E0990	0x0000AB88	__TEXT	__eh_frame
0x1000EC000	0x00000298	__DATA_CONST	__got
0x1000EC298	0x00000230	__DATA_CONST	__mod_term_func
0x1000EC4E0	0x00000620	__DATA_CONST	__const
0x1000F0000	0x00017B40	__DATA	__asan_globals
0x100107B40	0x00005ED0	__DATA	__asan_liveness
0x10010DA20	0x00011DC0	__DATA	__data
0x10011F7E0	0x00000660	__DATA	__bss
0x10011FE40	0x012D760C	__DATA	__common
# Symbols:
# Address	Size    	File  Name
0x100000000	0x00000000	[  0] __mh_execute_header
0x100001538	0x00000008	[  1] _port_get_dipswitches
0x100001540	0x00000008	[  1] _port_get_commpal
0x100001548	0x00000008	[  1] _port_get_switch1
0x100001550	0x00000008	[  1] _port_get_switch2
0x100001558	0x00000008	[  1] _port_get_switch3
0x100001560	0x00000018	[  1] _asan.module_ctor
0x100001578	0x00000014	[  2] _crusn_debug_output_reset_frame
0x10000158C	0x0000000C	[  2] _crusn_debug_output_get_quad_count
0x100001598	0x0000000C	[  2] _crusn_debug_output_get_pixel_count
0x1000015A4	0x0000048C	[  2] _port_output_fpga
0x100001A30	0x000012FC	[  2] _crusn_rasterize_triangle
0x100002D2C	0x0000005C	[  2] _crusn_edge_function
0x100002D88	0x00000068	[  2] _crusn_clamp_int
0x100002DF0	0x00000064	[  2] _crusn_min3f
0x100002E54	0x00000064	[  2] _crusn_max3f
0x100002EB8	0x0000010C	[  2] _crusn_waveram_texel_at
0x100002FC4	0x00000034	[  2] _asan.module_ctor
0x100002FF8	0x0000001C	[  2] _asan.module_dtor
0x100003014	0x00000214	[  3] _crusn_machine_rom_addr
0x100003228	0x00000244	[  3] _crusn_machine_colorram_addr
0x10000346C	0x000001A0	[  3] _crusn_read_u32
0x10000360C	0x00000024	[  3] _crusn_read_s32
0x100003630	0x00000030	[  3] _crusn__read_f32
0x100003660	0x00000450	[  3] _crusn_machine_decode_screen_argb8888
0x100003AB0	0x000000C0	[  3] _crusn_machine_screen_page
0x100003B70	0x00000024	[  3] _crusn_expand_5_to_8
0x100003B94	0x00000B24	[  3] _crusn_machine_init
0x1000046B8	0x00000514	[  3] _crusn_load_rom_words
0x100004BCC	0x00000490	[  3] _crusn_machine_shutdown
0x10000505C	0x00000038	[  3] _crusn_normalize_screen_page_index
0x100005094	0x00000148	[  3] _crusn_machine_set_screen_pages
0x1000051DC	0x000000C8	[  3] _crusn_machine_clear_screen_page
0x1000052A4	0x00000408	[  3] _crusn_machine_tick
0x1000056AC	0x000006D8	[  3] _crusn_machine_dump_screen_bmp
0x100005D84	0x00000068	[  3] _crusn_write_le32
0x100005DEC	0x00000040	[  3] _crusn_write_le16
0x100005E2C	0x00000034	[  3] _asan.module_ctor
0x100005E60	0x0000001C	[  3] _asan.module_dtor
0x100005E7C	0x000007AC	[  4] _crusn_memory_init
0x100006628	0x0000024C	[  4] _crusn_mem_rd32_map
0x100006874	0x00000404	[  4] _crusn_find_region_const
0x100006C78	0x00000258	[  4] _crusn_mem_wr32_map
0x100006ED0	0x00000404	[  4] _crusn_find_region
0x1000072D4	0x0000003C	[  4] _port_malloc
0x100007310	0x00000034	[  4] _asan.module_ctor
0x100007344	0x0000001C	[  4] _asan.module_dtor
0x100007360	0x000000F8	[  5] _ROM_ConsumeFloat
0x100007458	0x000000F4	[  5] _ROM_ConsumeS32
0x10000754C	0x0000002C	[  5] _ROM_ParseFloat
0x100007578	0x0000007C	[  5] _ROM_ReadU32
0x1000075F4	0x000003DC	[  5] _ROM_ReadTYCOHEADER
0x1000079D0	0x00000018	[  5] _asan.module_ctor
0x1000079E8	0x000000A4	[  6] _crusn_trace_init
0x100007A8C	0x00000088	[  6] _crusn_trace_event
0x100007B14	0x000000C4	[  6] _crusn_unimpl
0x100007BD8	0x00000088	[  6] _crusn_slockon
0x100007C60	0x00000034	[  6] _asan.module_ctor
0x100007C94	0x0000001C	[  6] _asan.module_dtor
0x100007CB0	0x0000001C	[  7] _mame_validate_abort_on_error
0x100007CCC	0x0000001C	[  7] _mame_validate_fail_on_wrong_consumer
0x100007CE8	0x00000010	[  7] _mame_validate_print_oks_on
0x100007CF8	0x0000000C	[  7] _mame_validate_print_oks_off
0x100007D04	0x000007CC	[  7] _mame_validate_arg_sym_impl
0x1000084D0	0x00000094	[  7] _should_skip_validation
0x100008564	0x0000024C	[  7] _lookup_port_symbol_name
0x1000087B0	0x00000B28	[  7] _read_next_validate_line
0x1000092D8	0x000000C8	[  7] _validate_warn_log_exhausted
0x1000093A0	0x000004E8	[  7] _validate_wrong_consumer
0x100009888	0x0000010C	[  7] _validate_fail
0x100009994	0x000002B4	[  7] _lookup_rom_word_address
0x100009C48	0x0000026C	[  7] _validate_pass_arg_rom
0x100009EB4	0x00000034	[  7] _lookup_rom_symbol_name
0x100009EE8	0x0000017C	[  7] _validate_pass_arg
0x10000A064	0x000002FC	[  7] _mame_validate_arg_impl
0x10000A360	0x0000002C	[  7] _lookup_caller_breakpoint_address
0x10000A38C	0x000002F0	[  7] _mame_assert_reg_at_addr_impl
0x10000A67C	0x000005EC	[  7] _mame_assert_function_entry_impl
0x10000AC68	0x00000090	[  7] _basename_only
0x10000ACF8	0x000002FC	[  7] _mame_assert_arg_float_impl
0x10000AFF4	0x0000003C	[  7] _mame_validate_exit_impl
0x10000B030	0x00000044	[  7] _format_float_reg_name
0x10000B074	0x00000234	[  7] _validate_stored_float_value_impl
0x10000B2A8	0x00000840	[  7] _validate_reg_float_value_impl
0x10000BAE8	0x000004C4	[  7] _validate_reg_word_value_impl
0x10000BFAC	0x000004D4	[  7] _mame_validate_region_at_addr_impl
0x10000C480	0x00000A8C	[  7] _validate_region
0x10000CF0C	0x000001D8	[  7] _load_validate_maps
0x10000D0E4	0x0000018C	[  7] _lookup_map_name_by_address
0x10000D270	0x000005B8	[  7] _load_port_map
0x10000D828	0x00000368	[  7] _load_address_map
0x10000DB90	0x00000208	[  7] _reserve_symbol_entry
0x10000DD98	0x000000A4	[  7] _strip_macho_prefix
0x10000DE3C	0x00000028	[  7] _fail
0x10000DE64	0x00000118	[  7] _open_validate_log
0x10000DF7C	0x00000424	[  7] _parse_validate_writer_context
0x10000E3A0	0x00000168	[  7] _validate_entry_has_wrong_consumer
0x10000E508	0x00000264	[  7] _lookup_function_rom_address
0x10000E76C	0x00000038	[  7] _lookup_rom_symbol_address
0x10000E7A4	0x00000218	[  7] _lookup_map_address_by_name
0x10000E9BC	0x00000500	[  7] _read_next_validate_reg_word
0x10000EEBC	0x00000030	[  7] _c3x_reg_identity
0x10000EEEC	0x00000180	[  7] _validate_pass_word
0x10000F06C	0x000001DC	[  7] _read_validate_dump
0x10000F248	0x000001EC	[  7] _dump_nonmatching_region
0x10000F434	0x00000124	[  7] _append_validate_dump_paths
0x10000F558	0x00000214	[  7] _validate_fail_with_detail
0x10000F76C	0x000000F8	[  7] _write_validate_dump
0x10000F864	0x000001C4	[  7] _dump_screen0_validation_bitmaps
0x10000FA28	0x0000005C	[  7] _should_dump_screen0_validation_bitmaps
0x10000FA84	0x00000034	[  7] _asan.module_ctor
0x10000FAB8	0x0000001C	[  7] _asan.module_dtor
0x10000FAD4	0x000011A8	[  8] _ATTRACT_DELTA
0x100010C7C	0x00000B24	[  8] _INIT_ATTR_LEG
0x1000117A0	0x000011F0	[  8] _LOGO_PROC
0x100012990	0x00000104	[  8] _GET_LIST_ADDR
0x100012A94	0x00000584	[  8] _UPDATE_CAMERA
0x100013018	0x00000030	[  8] _c3x_reg_identity
0x100013048	0x0000013C	[  8] _LOAD_ATTR_LEG
0x100013184	0x00000174	[  8] _INIT_STARTING
0x1000132F8	0x0000096C	[  8] _ROAD_VIEW
0x100013C64	0x00000184	[  8] _INIT_LEAD
0x100013DE8	0x00000334	[  8] _LEAD_VIEW
0x10001411C	0x00000B54	[  8] _INIT_WATCH
0x100014C70	0x00000740	[  8] _WATCH_VIEW
0x1000153B0	0x00000228	[  8] _CUT_TO_VIEW2
0x1000155D8	0x00000814	[  8] _SMOOTH_VIEW
0x100015DEC	0x00000214	[  8] _INITVIEW1_VIEW
0x100016000	0x000008B4	[  8] _INITROAD_VIEW
0x1000168B4	0x0000065C	[  8] _SET_LANE
0x100016F10	0x00000160	[  8] _INIT_LANE
0x100017070	0x0000065C	[  8] _FIND_RACER
0x1000176CC	0x00000438	[  8] _GET_MAP_CARBLK
0x100017B04	0x00000170	[  8] _FIND_TRACK
0x100017C74	0x00000288	[  8] _GET_ROAD_RADY
0x100017EFC	0x00000118	[  8] _FIND_MAP
0x100018014	0x00000048	[  8] _OBJREF_TO_PTR
0x10001805C	0x000001B8	[  8] _NORM_VECTOR
0x100018214	0x00000450	[  8] _DO_LANE_POS
0x100018664	0x000007DC	[  8] _FIND_CLOSEST_RACER
0x100018E40	0x000014A4	[  8] _MOVE_ROAD_CAMERA
0x10001A2E4	0x000009CC	[  8] _GETCAMDIR
0x10001ACB0	0x0000083C	[  8] _NEXT_ROAD
0x10001B4EC	0x000003D0	[  8] _SMOOTH_VECTOR
0x10001B8BC	0x0000021C	[  8] _INITVIEW2_VIEW
0x10001BAD8	0x00000308	[  8] _SET_SMOOTH_VIEW
0x10001BDE0	0x00000994	[  8] _ZOOM_CAMERA
0x10001C774	0x00001110	[  8] _FACE_FRONT
0x10001D884	0x00000184	[  8] _INIT_REVERS_CUP
0x10001DA08	0x00000330	[  8] _REV_ROAD_VIEW
0x10001DD38	0x00000230	[  8] _CAMERA_HORIZON_PROJECTION
0x10001DF68	0x00000618	[  8] _ATTR_INIT_GAMELEG
0x10001E580	0x00000034	[  8] _asan.module_ctor
0x10001E5B4	0x0000001C	[  8] _asan.module_dtor
0x10001E5D0	0x00000CB4	[  9] __MIDWAYSPIN
0x10001F284	0x00000030	[  9] _c3x_reg_identity
0x10001F2B4	0x00000378	[  9] _MSLP_CHECK
0x10001F62C	0x00000084	[  9] _MIDWAYSPINENTER
0x10001F6B0	0x00000B6C	[  9] _SPIN_CAR
0x10002021C	0x00000034	[  9] _asan.module_ctor
0x100020250	0x0000001C	[  9] _asan.module_dtor
0x10002026C	0x000000D4	[ 10] _AUDIT_DISPLAY
0x100020340	0x00000034	[ 10] _asan.module_ctor
0x100020374	0x0000001C	[ 10] _asan.module_dtor
0x100020390	0x00000568	[ 11] _FIND_STARTING_VALUES
0x1000208F8	0x00000D88	[ 11] _BGD_INIT
0x100021680	0x00003024	[ 11] _BGD_ACTIVATE_TYCOGROUP
0x1000246A4	0x00001280	[ 11] _BGD_WATCHER
0x100025924	0x00000534	[ 11] _GET_XZ_DISTANCE
0x100025E58	0x00000030	[ 11] _c3x_reg_identity
0x100025E88	0x000000A4	[ 11] _AMBIENCE_SOUND
0x100025F2C	0x00000098	[ 11] _HUNGH_ANI
0x100025FC4	0x00000098	[ 11] _RUT_ANI
0x10002605C	0x000006E8	[ 11] _LOAD_SINGLE_SECTION
0x100026744	0x00000098	[ 11] _LOAD_SINGLE_SECTION_OFFSET
0x1000267DC	0x00000048	[ 11] _OBJREF_TO_PTR
0x100026824	0x000006BC	[ 11] _GROUP_DELETE
0x100026EE0	0x000001D4	[ 11] _BGD_OROUTINE
0x1000270B4	0x0000034C	[ 11] _ADD_TO_NEWLIST
0x100027400	0x00000178	[ 11] _FIND_SUBLIST_START_END
0x100027578	0x00000210	[ 11] _APPEND_NEWLIST
0x100027788	0x00000264	[ 11] _FLAGWAVE
0x1000279EC	0x00000024	[ 11] _ROAD_DEBRIS_CREATE
0x100027A10	0x00000078	[ 11] _ROAD_DEBRIS_CREATE_55GAL
0x100027A88	0x00000088	[ 11] _FLAGWAVE_TALL
0x100027B10	0x0000009C	[ 11] _WATERFALL
0x100027BAC	0x00000088	[ 11] _OVERCAR
0x100027C34	0x00000088	[ 11] _SMOKE_STACK
0x100027CBC	0x00000088	[ 11] _CAR_FIRE
0x100027D44	0x00000088	[ 11] _OHARE_PLANE
0x100027DCC	0x00000088	[ 11] _DC_FOUNTAIN
0x100027E54	0x00000088	[ 11] _DC_MINIFOUNTAIN
0x100027EDC	0x00000378	[ 11] _PLAINANI_PROC
0x100028254	0x000001C0	[ 11] _SHINY_NEWLIST
0x100028414	0x00000034	[ 11] _asan.module_ctor
0x100028448	0x0000001C	[ 11] _asan.module_dtor
0x100028464	0x00000084	[ 12] _BONUS_BEVHILLS
0x1000284E8	0x00000064	[ 12] _BONUS_SANFRAN
0x10002854C	0x00000004	[ 12] _BONUSNULL
0x100028550	0x00000084	[ 12] _BONUS14
0x1000285D4	0x00000084	[ 12] _BONUS13
0x100028658	0x00000084	[ 12] _BONUS12
0x1000286DC	0x00000084	[ 12] _BONUS11
0x100028760	0x00000084	[ 12] _BONUS10
0x1000287E4	0x00000084	[ 12] _BONUS9
0x100028868	0x00000084	[ 12] _BONUS8
0x1000288EC	0x00000084	[ 12] _BONUS7
0x100028970	0x00000084	[ 12] _BONUS6
0x1000289F4	0x00000084	[ 12] _BONUS5
0x100028A78	0x00000084	[ 12] _BONUS4
0x100028AFC	0x00000084	[ 12] _BONUS3
0x100028B80	0x00000084	[ 12] _BONUS2
0x100028C04	0x00000094	[ 12] _BONUS1
0x100028C98	0x0000088C	[ 12] _BLINK_FREEBE
0x100029524	0x00000084	[ 12] _TIMED_OUT
0x1000295A8	0x00000084	[ 12] _KILL_THEM
0x10002962C	0x00000034	[ 12] _asan.module_ctor
0x100029660	0x0000001C	[ 12] _asan.module_dtor
0x10002967C	0x00000018	[ 13] _asan.module_ctor
0x100029694	0x00000088	[ 14] _c3x_load
0x10002971C	0x00000030	[ 14] _c3x_pack
0x10002974C	0x000000F4	[ 14] _c3x_load_short
0x100029840	0x00000360	[ 14] _c3x_from_double_trunc
0x100029BA0	0x00000028	[ 14] _c3x_store
0x100029BC8	0x0000002C	[ 14] _c3x_from_double
0x100029BF4	0x00000028	[ 14] _c3x_to_float
0x100029C1C	0x000000E0	[ 14] _c3x_to_double
0x100029CFC	0x000000F8	[ 14] _c3x_rnd
0x100029DF4	0x00000020	[ 14] _c3x_exponent
0x100029E14	0x000000BC	[ 14] _c3x_extended_mantissa
0x100029ED0	0x0000048C	[ 14] _c3x_from_extended_mantissa
0x10002A35C	0x0000036C	[ 14] _c3x_add
0x10002A6C8	0x00000018	[ 14] _c3x_mantissa
0x10002A6E0	0x00000338	[ 14] _c3x_sub
0x10002AA18	0x00000100	[ 14] _c3x_neg
0x10002AB18	0x0000020C	[ 14] _c3x_mul
0x10002AD24	0x0000004C	[ 14] _c3x_div
0x10002AD70	0x00000060	[ 14] _c3x_abs
0x10002ADD0	0x0000005C	[ 14] _c3x_addi
0x10002AE2C	0x0000005C	[ 14] _c3x_cmp
0x10002AE88	0x00000028	[ 14] _c3x_fix
0x10002AEB0	0x00000030	[ 14] _c3x_from_short_double
0x10002AEE0	0x0000035C	[ 14] _c3x_double_to_short_raw
0x10002B23C	0x00000030	[ 14] _c3x_stf
0x10002B26C	0x000000C8	[ 14] _c3x_single_raw_to_float
0x10002B334	0x00000030	[ 14] _c3x_ldf
0x10002B364	0x00000018	[ 14] _asan.module_ctor
0x10002B37C	0x00000098	[ 15] _CHOPPER
0x10002B414	0x0000009C	[ 15] _GET_CLOSEST_TRAK
0x10002B4B0	0x00000034	[ 15] _asan.module_ctor
0x10002B4E4	0x0000001C	[ 15] _asan.module_dtor
0x10002B500	0x00000034	[ 16] _asan.module_ctor
0x10002B534	0x0000001C	[ 16] _asan.module_dtor
0x10002B550	0x00000048	[ 17] _HSTDEC
0x10002B598	0x0000002C	[ 17] _AUDIT_READ
0x10002B5C4	0x00000044	[ 17] _ADJUSTMENT_WRITE
0x10002B608	0x00000004	[ 17] _CMOS_ON_C
0x10002B60C	0x00000004	[ 17] _CMOS_OFF_C
0x10002B610	0x00000004	[ 17] _CMOS_WPON_C
0x10002B614	0x00000004	[ 17] _CMOS_WPOFF_C
0x10002B618	0x000000C0	[ 17] _VALIDATE_CMOS
0x10002B6D8	0x00000030	[ 17] _AUDIT_WRITE
0x10002B708	0x000003B0	[ 17] _VALIDATE_HSTD_TABLES
0x10002BAB8	0x000001D0	[ 17] _VERIFY_ADJUSTMENTS_ACCURACY
0x10002BC88	0x0000005C	[ 17] _RESET_BOOKKEEPING
0x10002BCE4	0x000000D4	[ 17] __wr_cw
0x10002BDB8	0x00000110	[ 17] _RESET_ADJUSTMENTS
0x10002BEC8	0x00000060	[ 17] _CHECKSUMGEN_ADJ
0x10002BF28	0x00000028	[ 17] _AUDIT_INC
0x10002BF50	0x00000044	[ 17] _AUDIT_ADD
0x10002BF94	0x000000D0	[ 17] __rd_cw
0x10002C064	0x00000038	[ 17] _AUDIT_WRITE_ADJ
0x10002C09C	0x000000D8	[ 17] __rd_cwR
0x10002C174	0x000000DC	[ 17] __wr_cwR
0x10002C250	0x00000068	[ 17] _INIT_LASTHS_TABLE
0x10002C2B8	0x0000003C	[ 17] _GET_TABLE_ADDR
0x10002C2F4	0x00000044	[ 17] _CHECK_LASTHS
0x10002C338	0x00000408	[ 17] _INIT_HSTD_TABLES
0x10002C740	0x000006E8	[ 17] _TABLE_ENTRY_READ
0x10002CE28	0x00000098	[ 17] _CHECK_RACE_TABLE
0x10002CEC0	0x00000098	[ 17] _INSERT_TABLE_ENTRY
0x10002CF58	0x00000034	[ 17] _asan.module_ctor
0x10002CF8C	0x0000001C	[ 17] _asan.module_dtor
0x10002CFA8	0x00000034	[ 18] _asan.module_ctor
0x10002CFDC	0x0000001C	[ 18] _asan.module_dtor
0x10002CFF8	0x00000130	[ 19] _CAMSCAN
0x10002D128	0x000009F0	[ 19] _CAMSCANS
0x10002DB18	0x00000038	[ 19] _OBJSCAN
0x10002DB50	0x00000094	[ 19] _BOXSCAN
0x10002DBE4	0x00001084	[ 19] _CAR_ROAD_COLL
0x10002EC68	0x0000105C	[ 19] _ROADSCAN
0x10002FCC4	0x00000048	[ 19] _OBJREF_TO_PTR
0x10002FD0C	0x00000030	[ 19] _c3x_reg_identity
0x10002FD3C	0x00001A9C	[ 19] _GETNMAT
0x1000317D8	0x00000E2C	[ 19] _RDSCNSUB
0x100032604	0x000009A0	[ 19] __coll_road
0x100032FA4	0x00001FE8	[ 19] __obj_coll
0x100034F8C	0x00000AFC	[ 19] __makbox
0x100035A88	0x00000128	[ 19] _COLSCC
0x100035BB0	0x000000DC	[ 19] _ATTR_COLLISION
0x100035C8C	0x0000009C	[ 19] _COLSCAN
0x100035D28	0x00000818	[ 19] _CLDSCAN
0x100036540	0x00000064	[ 19] _PLYRSIGN
0x1000365A4	0x00000064	[ 19] _PLYRDEBRIS
0x100036608	0x00000064	[ 19] _DRONSIGN
0x10003666C	0x00000064	[ 19] _DRONDEBRIS
0x1000366D0	0x000001B8	[ 19] _DEBSCAN
0x100036888	0x00002CC0	[ 19] _COLSGCK
0x100039548	0x000000A4	[ 19] _GETBOX
0x1000395EC	0x000004CC	[ 19] _REPELL
0x100039AB8	0x00000094	[ 19] _TREESHAK
0x100039B4C	0x00001108	[ 19] _FLYCOLLP
0x10003AC54	0x0000024C	[ 19] _FREESIGN
0x10003AEA0	0x000008B0	[ 19] _SIGNFALL
0x10003B750	0x000000D8	[ 19] _FLYCARP
0x10003B828	0x00000084	[ 19] _SEND_FLY_KILL
0x10003B8AC	0x00000094	[ 19] _DECODE_FLY_KILL
0x10003B940	0x0000009C	[ 19] _DECODE_FLY_XSFER
0x10003B9DC	0x00000084	[ 19] _GETFLYMAT
0x10003BA60	0x00000FE4	[ 19] _COLCHK
0x10003CA44	0x00000054	[ 19] _OBJ_TO_REF
0x10003CA98	0x000005D4	[ 19] _COLPOINT
0x10003D06C	0x000001D0	[ 19] _DRONEPTL
0x10003D23C	0x00003A88	[ 19] _COLDISP
0x100040CC4	0x0000041C	[ 19] _COLSND
0x1000410E0	0x000000D0	[ 19] _FLYCAR
0x1000411B0	0x00001568	[ 19] _SPINROT
0x100042718	0x00001C94	[ 19] _SPINROT_FINISH
0x1000443AC	0x0000012C	[ 19] _BEHINDCK
0x1000444D8	0x00000368	[ 19] _CKBOUNCE
0x100044840	0x000003D0	[ 19] _ANGMOM
0x100044C10	0x00001FD0	[ 19] _GETBOX0
0x100046BE0	0x00000034	[ 19] _asan.module_ctor
0x100046C14	0x0000001C	[ 19] _asan.module_dtor
0x100046C30	0x00000084	[ 20] _COIN1
0x100046CB4	0x00000098	[ 20] _COIN2
0x100046D4C	0x00000084	[ 20] _COIN3
0x100046DD0	0x00000084	[ 20] _COIN4
0x100046E54	0x000000A4	[ 20] _SERV_COIN
0x100046EF8	0x00000018	[ 20] _GETCOINTXT
0x100046F10	0x000000AC	[ 20] _GETCOIN
0x100046FBC	0x000001E0	[ 20] _GETCOIN_DEFAULT
0x10004719C	0x0000089C	[ 20] _INIT_CUSTOM_COIN
0x100047A38	0x00000078	[ 20] _INICC
0x100047AB0	0x00000790	[ 20] _INSERT_COINS
0x100048240	0x00000074	[ 20] _VOLUME_DISPLAY
0x1000482B4	0x00000074	[ 20] _MOTION_VALID
0x100048328	0x00000574	[ 20] _FLASH_START
0x10004889C	0x000001D4	[ 20] _FLASH_INSERTCOINS
0x100048A70	0x0000017C	[ 20] _GET_COINAGE_HIGHT
0x100048BEC	0x00000030	[ 20] _c3x_reg_identity
0x100048C1C	0x00000080	[ 20] _GET_CREDITS_TO_START
0x100048C9C	0x0000055C	[ 20] _FLASH_TO_START
0x1000491F8	0x000002B8	[ 20] _SHOW_INSERTCOINS
0x1000494B0	0x0000009C	[ 20] _PRINT_CREDITS
0x10004954C	0x0000017C	[ 20] _FONT18REDDS
0x1000496C8	0x000006C8	[ 20] _PRINT_COINAGE
0x100049D90	0x00000098	[ 20] _INSERT_MORE_COINS
0x100049E28	0x0000008C	[ 20] _COIN_COUNTER
0x100049EB4	0x00000160	[ 20] _NO_INSERTCOINS
0x10004A014	0x0000017C	[ 20] _WHITE10FNT
0x10004A190	0x0000010C	[ 20] _TOSTART_STRING
0x10004A29C	0x00000088	[ 20] _GET_CREDITS_TO_CONTINUE
0x10004A324	0x00000114	[ 20] _TOCONT_STRING
0x10004A438	0x00000034	[ 20] _asan.module_ctor
0x10004A46C	0x0000001C	[ 20] _asan.module_dtor
0x10004A488	0x0000009C	[ 21] _COMM_DRONE
0x10004A524	0x00000748	[ 21] _COMM_DRONE_PTR_SORT
0x10004AC6C	0x00000030	[ 21] _c3x_reg_identity
0x10004AC9C	0x0000009C	[ 21] _OM_DRONE
0x10004AD38	0x00000034	[ 21] _asan.module_ctor
0x10004AD6C	0x0000001C	[ 21] _asan.module_dtor
0x10004AD88	0x00000468	[ 22] _CLEAR_LINK
0x10004B1F0	0x0000008C	[ 22] _DECODE_BUFFER
0x10004B27C	0x00000074	[ 22] _COMMQ_PACKET_INIT
0x10004B2F0	0x00000074	[ 22] _COMMQ_READY_TO_SEND
0x10004B364	0x00000088	[ 22] _MESSAGE_ADD
0x10004B3EC	0x0000024C	[ 22] _MESSAGE_ADD_SB
0x10004B638	0x0000007C	[ 22] _SEND_WAVEFL_READY
0x10004B6B4	0x0000007C	[ 22] _SEND_WAVEFL_SET
0x10004B730	0x000000E0	[ 22] _SEND_WAVEFL_GO
0x10004B810	0x00000074	[ 22] _SEND_CHECKPOINT
0x10004B884	0x00000074	[ 22] _SEND_MODE
0x10004B8F8	0x00000074	[ 22] _SEND_LINKCANCELLED
0x10004B96C	0x00000074	[ 22] _SEND_START_GAME
0x10004B9E0	0x00000074	[ 22] _SEND_END_GAME
0x10004BA54	0x00000074	[ 22] _SEND_TIMECODE
0x10004BAC8	0x00000074	[ 22] _SEND_RACENUM
0x10004BB3C	0x00000074	[ 22] _SEND_VEHICLE
0x10004BBB0	0x00000074	[ 22] _SEND_RHO_POS
0x10004BC24	0x00000074	[ 22] _SEND_RACER_POS
0x10004BC98	0x00000090	[ 22] _SEND_PLAYERS_POS
0x10004BD28	0x00000080	[ 22] _SEND_RHO_CREATE
0x10004BDA8	0x00000088	[ 22] _FIND_DRONE
0x10004BE30	0x00000074	[ 22] _SEND_OM_TRACK
0x10004BEA4	0x00000084	[ 22] _SEND_BSYNC3
0x10004BF28	0x00000074	[ 22] _SEND_CHANGE_MUSIC
0x10004BF9C	0x00000074	[ 22] _SEND_COINDROP
0x10004C010	0x0000007C	[ 22] _SEND_ATTRSND
0x10004C08C	0x00000034	[ 22] _asan.module_ctor
0x10004C0C0	0x0000001C	[ 22] _asan.module_dtor
0x10004C0DC	0x00000104	[ 23] _COMM_INIT
0x10004C1E0	0x00000084	[ 23] _COMM_ENABLE_INT2
0x10004C264	0x00000074	[ 23] _COMM_MASTER_SEND_SYNC
0x10004C2D8	0x00000084	[ 23] _SETONE
0x10004C35C	0x00000084	[ 23] _CLRONE
0x10004C3E0	0x00000084	[ 23] _COMM_ROUTINE
0x10004C464	0x00000084	[ 23] _COMM_IRQ
0x10004C4E8	0x00000034	[ 23] _asan.module_ctor
0x10004C51C	0x0000001C	[ 23] _asan.module_dtor
0x10004C538	0x0000035C	[ 24] _DECOMPRESS
0x10004C894	0x00000030	[ 24] _SAVE_DECOMP_REGS
0x10004C8C4	0x00000EB8	[ 24] _DECOMPRESS_PROC
0x10004D77C	0x000004E0	[ 24] _RESTORE_DECOMP_REGS
0x10004DC5C	0x00000754	[ 24] _INPUT_BITS
0x10004E3B0	0x0000072C	[ 24] _PUTC
0x10004EADC	0x00000298	[ 24] _BOOT_PACIFY_SCREEN
0x10004ED74	0x0000017C	[ 24] _LOAD_SECTION_REQ
0x10004EEF0	0x0000025C	[ 24] _REQWAIT
0x10004F14C	0x00000034	[ 24] _asan.module_ctor
0x10004F180	0x0000001C	[ 24] _asan.module_dtor
0x10004F19C	0x00000034	[ 25] _asan.module_ctor
0x10004F1D0	0x0000001C	[ 25] _asan.module_dtor
0x10004F1EC	0x00000D1C	[ 26] __c_int00
0x10004FF08	0x00000004	[ 26] _CLR_PBSS
0x10004FF0C	0x00000004	[ 26] _CLR_RAM
0x10004FF10	0x00000084	[ 26] _FEED_WATCHDOG
0x10004FF94	0x00000350	[ 26] _MESSAGE1
0x1000502E4	0x00000080	[ 26] _MSG1
0x100050364	0x00000098	[ 26] _READIO
0x1000503FC	0x00000074	[ 26] _CHECKDIAG
0x100050470	0x00000004	[ 26] _FIFO_RESET
0x100050474	0x00000004	[ 26] _TIMER_RESET
0x100050478	0x00000004	[ 26] _ENABLEGIE
0x10005047C	0x00000050	[ 26] _MSG2
0x1000504CC	0x00000050	[ 26] _MSG3
0x10005051C	0x00000048	[ 26] _SYNC_BOOT_RANDOM_ADVANCE
0x100050564	0x00000050	[ 26] _VERSION_UPDATE
0x1000505B4	0x00000084	[ 26] _CMOS_ERROR
0x100050638	0x000003D4	[ 26] _TIMERESET
0x100050A0C	0x00000908	[ 26] _MAINLOOP
0x100051314	0x000000A8	[ 26] _TIMEREC
0x1000513BC	0x00000124	[ 26] _VALIDATE_SINGLE_FRAME
0x1000514E0	0x0000008C	[ 26] _SWDISP
0x10005156C	0x00000154	[ 26] _COLD_ENTER
0x1000516C0	0x00000C08	[ 26] _INT0
0x1000522C8	0x00000030	[ 26] _c3x_reg_identity
0x1000522F8	0x0000009C	[ 26] _BUTTONS
0x100052394	0x0000008C	[ 26] _CHECK_STATE
0x100052420	0x00000094	[ 26] _WAIT_FOR_VBLANK
0x1000524B4	0x00000084	[ 26] _TIMER_READ
0x100052538	0x000000F8	[ 26] _FAKEDIAG
0x100052630	0x00000084	[ 26] _FEED_WATCHDOG_HARD
0x1000526B4	0x00000084	[ 26] _VERIFY_CODE_INTEGRITY
0x100052738	0x00000034	[ 26] _asan.module_ctor
0x10005276C	0x0000001C	[ 26] _asan.module_dtor
0x100052788	0x00000034	[ 27] _asan.module_ctor
0x1000527BC	0x0000001C	[ 27] _asan.module_dtor
0x1000527D8	0x0000099C	[ 28] _DELTA_OINIT
0x100053174	0x00000ACC	[ 28] _DDYNA_INIT
0x100053C40	0x000008A0	[ 28] _DRONE_DANI_PROC
0x1000544E0	0x00000030	[ 28] _c3x_reg_identity
0x100054510	0x00000034	[ 28] _asan.module_ctor
0x100054544	0x0000001C	[ 28] _asan.module_dtor
0x100054560	0x00000084	[ 29] _MAKE_WINDOW
0x1000545E4	0x00000084	[ 29] _MAKE_IWINDOW
0x100054668	0x00000084	[ 29] _HARD_LOAD_DIAGPAL
0x1000546EC	0x00000084	[ 29] _HIDDEN_DIAG
0x100054770	0x00000084	[ 29] _ENTER_DIAG
0x1000547F4	0x00000084	[ 29] _TOEXIT
0x100054878	0x00000084	[ 29] _SETUP_DIAG_SCREEN
0x1000548FC	0x00000094	[ 29] _SET_CONTROLS
0x100054990	0x00000040	[ 29] _FFRSUB
0x1000549D0	0x0000009C	[ 29] _MOTION_SAFETY_SWITCHES_DIAG
0x100054A6C	0x00000034	[ 29] _asan.module_ctor
0x100054AA0	0x0000001C	[ 29] _asan.module_dtor
0x100054ABC	0x000004CC	[ 30] _DIRQ
0x100054F88	0x00001FC4	[ 30] _DISPLAY
0x100056F4C	0x00000030	[ 30] _c3x_reg_identity
0x100056F7C	0x0000051C	[ 30] _dirq_load_obj_matrix
0x100057498	0x00002F08	[ 30] _DYNAMIC_OBJECT
0x10005A3A0	0x00001418	[ 30] _PLOTPOLY
0x10005B7B8	0x00001710	[ 30] _PLOT1PAL
0x10005CEC8	0x00001400	[ 30] _PLOTILLUM
0x10005E2C8	0x00000E54	[ 30] _CLIPCK
0x10005F11C	0x00005640	[ 30] _CLIP
0x10006475C	0x00000034	[ 30] _asan.module_ctor
0x100064790	0x0000001C	[ 30] _asan.module_dtor
0x1000647AC	0x00000204	[ 31] _POSITION_FINDER
0x1000649B0	0x00001608	[ 31] _FIND_PLAYERS_POSITION
0x100065FB8	0x00000048	[ 31] _OBJREF_TO_PTR
0x100066000	0x00000054	[ 31] _OBJ_TO_REF
0x100066054	0x00000684	[ 31] _DRONE_RIDE_RIGHT
0x1000666D8	0x00000030	[ 31] _c3x_reg_identity
0x100066708	0x00000BC4	[ 31] _SIGMA_DISPATCHER
0x1000672CC	0x000002E8	[ 31] _DRONE_PTR_ADD
0x1000675B4	0x00000080	[ 31] _DRONE_CLR
0x100067634	0x00000E08	[ 31] _RHO_DISPATCHER
0x10006843C	0x00000158	[ 31] _CK_LINK_DISP
0x100068594	0x00000320	[ 31] _SET_DRONE_PAL
0x1000688B4	0x000003F8	[ 31] _GET_LANES
0x100068CAC	0x0000033C	[ 31] _DIST_TO_PLYR
0x100068FE8	0x00000094	[ 31] _INIT_TRACKING_PIECE
0x10006907C	0x0000035C	[ 31] _GET_TRACK_POS_RVS_XLANE
0x1000693D8	0x00000420	[ 31] _SUB_FUNCTION_RVS_XLANE
0x1000697F8	0x0000035C	[ 31] _GET_TRACK_POS_RVS
0x100069B54	0x000004E0	[ 31] _SUB_FUNCTION_RVS
0x10006A034	0x00000084	[ 31] _DELTA_GET_TRACK_POS
0x10006A0B8	0x00000360	[ 31] _GET_TRACK_POS
0x10006A418	0x000004EC	[ 31] _SUB_FUNCTION
0x10006A904	0x00000094	[ 31] _DELTA_SUB_FUNCTION
0x10006A998	0x0000024C	[ 31] _INIT_DRONES
0x10006ABE4	0x00000118	[ 31] _ADD_DRONE
0x10006ACFC	0x00000240	[ 31] _FREE_DRONE
0x10006AF3C	0x00000AC4	[ 31] _EXP_PUFF
0x10006BA00	0x00000948	[ 31] _PRECOLLIDE_PLYR
0x10006C348	0x0000016C	[ 31] _PLYR_RIDE_RIGHT
0x10006C4B4	0x00000FD8	[ 31] _SMOKE_PUFF
0x10006D48C	0x000000B0	[ 31] _DROP_COCONUTS
0x10006D53C	0x00000E3C	[ 31] _AHEAD_OF_PLAYER_P
0x10006E378	0x00000034	[ 31] _asan.module_ctor
0x10006E3AC	0x0000001C	[ 31] _asan.module_dtor
0x10006E3C8	0x00000084	[ 32] _SCREENWIPE_OPEN
0x10006E44C	0x00000084	[ 32] _SCREENWIPE_CLOSE
0x10006E4D0	0x00000084	[ 32] _SCREENWIPE_OPEN_PRC_FAST
0x10006E554	0x00000094	[ 32] _SCREENWIPE_OPEN_PRC
0x10006E5E8	0x00000084	[ 32] _SCREENWIPE_CLOSE_PRC
0x10006E66C	0x00000034	[ 32] _asan.module_ctor
0x10006E6A0	0x0000001C	[ 32] _asan.module_dtor
0x10006E6BC	0x00000094	[ 33] _ERROR_LOG
0x10006E750	0x000000B8	[ 33] _ERROR_LOG_DISPLAY
0x10006E808	0x00000034	[ 33] _asan.module_ctor
0x10006E83C	0x0000001C	[ 33] _asan.module_dtor
0x10006E858	0x000000A0	[ 34] _FLAME_PRC
0x10006E8F8	0x00000084	[ 34] _FLAMESORT
0x10006E97C	0x00000098	[ 34] _GETCARBODY
0x10006EA14	0x00000144	[ 34] _FIND_NEXT_OBJ
0x10006EB58	0x00000034	[ 34] _asan.module_ctor
0x10006EB8C	0x0000001C	[ 34] _asan.module_dtor
0x10006EBA8	0x00000084	[ 35] __ftoa
0x10006EC2C	0x00000084	[ 35] __itoaLZ
0x10006ECB0	0x00000574	[ 35] __itoa
0x10006F224	0x000000AC	[ 35] _HEX2ASC
0x10006F2D0	0x000000A4	[ 35] __fill
0x10006F374	0x00000128	[ 35] __pixel
0x10006F49C	0x00000204	[ 35] __outtextxyc
0x10006F6A0	0x00000034	[ 35] _asan.module_ctor
0x10006F6D4	0x0000001C	[ 35] _asan.module_dtor
0x10006F6F0	0x00000034	[ 36] _asan.module_ctor
0x10006F724	0x0000001C	[ 36] _asan.module_dtor
0x10006F740	0x00000018	[ 37] _asan.module_ctor
0x10006F758	0x00000084	[ 38] _VANITY
0x10006F7DC	0x000000CC	[ 38] _VANITY_SUB
0x10006F8A8	0x00000034	[ 38] _asan.module_ctor
0x10006F8DC	0x0000001C	[ 38] _asan.module_dtor
0x10006F8F8	0x00000094	[ 39] _HOTTUB_SCENE
0x10006F98C	0x00000084	[ 39] _HT_HOTTUB
0x10006FA10	0x00000084	[ 39] _HT_RADAR
0x10006FA94	0x00000084	[ 39] _HT_STAGENT
0x10006FB18	0x00000084	[ 39] _CROWD_IT
0x10006FB9C	0x000000A0	[ 39] _BABE_TROPHY
0x10006FC3C	0x00001510	[ 39] _BABE_WAVEFLAG
0x10007114C	0x00000030	[ 39] _c3x_reg_identity
0x10007117C	0x00000034	[ 39] _asan.module_ctor
0x1000711B0	0x0000001C	[ 39] _asan.module_dtor
0x1000711CC	0x000004E4	[ 40] __HPsin
0x1000716B0	0x00000030	[ 40] _c3x_reg_identity
0x1000716E0	0x00000608	[ 40] __HPcos
0x100071CE8	0x00000018	[ 40] _asan.module_ctor
0x100071D00	0x000000A0	[ 41] _ENTER_INITIALS
0x100071DA0	0x00000094	[ 41] _ENTERTEXT
0x100071E34	0x00000098	[ 41] _INTO_TABLE_P
0x100071ECC	0x00000C20	[ 41] _DISPLAY_HIGH_SCORES
0x100072AEC	0x00000D64	[ 41] _DISPLAY_HS
0x100073850	0x00000094	[ 41] _RBMATTR_CHECK
0x1000738E4	0x00000034	[ 41] _DELETE_PRESS_OBJECTS
0x100073918	0x000000A0	[ 41] _FIND_ALL_PLATES
0x1000739B8	0x000002E0	[ 41] _FIX_PLATES
0x100073C98	0x000001C4	[ 41] _OBJ_MOVY_GROUP
0x100073E5C	0x00000150	[ 41] _OBJ_FIND
0x100073FAC	0x000000D0	[ 41] _DISPLAY_HSTEXT
0x10007407C	0x00000A6C	[ 41] _FLASH_LETTERS_PROC
0x100074AE8	0x00000030	[ 41] _c3x_reg_identity
0x100074B18	0x00000380	[ 41] _FLY_PLATES
0x100074E98	0x00000118	[ 41] _OBJ_TAG
0x100074FB0	0x00000070	[ 41] _OBJ_DEL_GROUP
0x100075020	0x00000154	[ 41] _OBJ_TAGALL
0x100075174	0x00000140	[ 41] _OBJ_FIND_NEXT
0x1000752B4	0x0000014C	[ 41] _OBJ_GFIND
0x100075400	0x00000140	[ 41] _OBJ_GFIND_NEXT
0x100075540	0x000003C0	[ 41] _FIND_PLATES
0x100075900	0x00000984	[ 41] _MAKE_TIME
0x100076284	0x000006C0	[ 41] _CREATE_LETTERS
0x100076944	0x000004B4	[ 41] _FORMAT_NUM
0x100076DF8	0x0000014C	[ 41] _ASCII_TO_OBJ
0x100076F44	0x000007F8	[ 41] _PRINT3D
0x10007773C	0x000000F8	[ 41] _FLASH_LETTERS
0x100077834	0x00000034	[ 41] _asan.module_ctor
0x100077868	0x0000001C	[ 41] _asan.module_dtor
0x100077884	0x00000098	[ 42] _MOVEIN_HUD_EQUIP
0x10007791C	0x00000084	[ 42] _MOVEOUT_HUD_EQUIP
0x1000779A0	0x000000D4	[ 42] _HUD
0x100077A74	0x0000020C	[ 42] _HARDalloc_section
0x100077C80	0x00000064	[ 42] _dealloc_section
0x100077CE4	0x00000084	[ 42] _FILL_DITHER
0x100077D68	0x00000094	[ 42] _FILL_PLOT
0x100077DFC	0x00000034	[ 42] _asan.module_ctor
0x100077E30	0x0000001C	[ 42] _asan.module_dtor
0x100077E4C	0x000036AC	[ 43] _INFINITY_CUSA
0x10007B4F8	0x000010B0	[ 43] _FIND_HIGHEST_ROADY
0x10007C5A8	0x00000030	[ 43] _c3x_reg_identity
0x10007C5D8	0x00000AD4	[ 43] _TRANS_PTS
0x10007D0AC	0x0000118C	[ 43] _WATER_INFINITY
0x10007E238	0x00000034	[ 43] _asan.module_ctor
0x10007E26C	0x0000001C	[ 43] _asan.module_dtor
0x10007E288	0x00000084	[ 44] _HEAD2HEAD_LOGO_WAIT
0x10007E30C	0x000000A8	[ 44] _HEAD2HEAD_LOGO
0x10007E3B4	0x000000C0	[ 44] _WAIT_FOR_CHALLENGER
0x10007E474	0x00000084	[ 44] _ISSUE_STARTGAME_TSEL
0x10007E4F8	0x000000B0	[ 44] _ISSUE_STARTGAME
0x10007E5A8	0x000000A4	[ 44] _PLYR_INTRO
0x10007E64C	0x00000084	[ 44] _CHOOSE_NEXT_RACE
0x10007E6D0	0x00000154	[ 44] _INIT_GAMELEG
0x10007E824	0x00000098	[ 44] _THE_CAR_CHOICE_PROC
0x10007E8BC	0x000000B0	[ 44] _ZOOMTOCAR
0x10007E96C	0x00000094	[ 44] _GETTHECARS
0x10007EA00	0x00000094	[ 44] _SHOW_CAR_STATISTICS
0x10007EA94	0x0000009C	[ 44] _ROUNDER
0x10007EB30	0x00000084	[ 44] _INIT_PEDALCHK
0x10007EBB4	0x0000009C	[ 44] _GETCHOICE
0x10007EC50	0x00000098	[ 44] _PEDALCHK
0x10007ECE8	0x00001AA0	[ 44] _WAVEFLAG
0x100080788	0x0000166C	[ 44] _SHOW_RACE_NAME
0x100081DF4	0x00000084	[ 44] _RACESEL_TIMER
0x100081E78	0x00000098	[ 44] _INTROTIMER
0x100081F10	0x00000084	[ 44] _DIAL_ROUT
0x100081F94	0x00000094	[ 44] _ENDPLAYER
0x100082028	0x000000A0	[ 44] __start
0x1000820C8	0x00000214	[ 44] _ULTRA_LOGO
0x1000822DC	0x00000464	[ 44] _ULTRA_PROC
0x100082740	0x00000424	[ 44] _LOGO_SMALL
0x100082B64	0x00000084	[ 44] _SET_ATTR
0x100082BE8	0x00000014	[ 44] __debug
0x100082BFC	0x00000160	[ 44] _CYCLE_ATTR
0x100082D5C	0x00000184	[ 44] __timeout
0x100082EE0	0x000000C0	[ 44] _INSMORE
0x100082FA0	0x00000084	[ 44] _LOAD_SHARED
0x100083024	0x000000A0	[ 44] _TRAFFIC_LIGHT
0x1000830C4	0x0000070C	[ 44] _CPOINT_LIGHT
0x1000837D0	0x00000030	[ 44] _c3x_reg_identity
0x100083800	0x00000034	[ 44] _asan.module_ctor
0x100083834	0x0000001C	[ 44] _asan.module_dtor
0x100083850	0x00000034	[ 45] _asan.module_ctor
0x100083884	0x0000001C	[ 45] _asan.module_dtor
0x1000838A0	0x0000018C	[ 46] _LEG_INIT
0x100083A2C	0x000009CC	[ 46] _LEG_GENERATE_MAP
0x1000843F8	0x00001768	[ 46] _LEG_ADD_GROUP
0x100085B60	0x000000F8	[ 46] _ELEMENT_INIT
0x100085C58	0x000000C8	[ 46] _ELEMENT_GET
0x100085D20	0x00000030	[ 46] _c3x_reg_identity
0x100085D50	0x00000230	[ 46] _ELEMENT_ADD
0x100085F80	0x0000013C	[ 46] _ELEMENT_DUMP_INTO_LEGMAP
0x1000860BC	0x00000034	[ 46] _asan.module_ctor
0x1000860F0	0x0000001C	[ 46] _asan.module_dtor
0x10008610C	0x0000008C	[ 47] __rectangle
0x100086198	0x000001B4	[ 47] __line
0x10008634C	0x00000018	[ 47] _asan.module_ctor
0x100086364	0x00000084	[ 48] _UNFOLDMAP
0x1000863E8	0x00000084	[ 48] _UNFOLDMAP_NOPAL
0x10008646C	0x00000084	[ 48] _FOLDMAP
0x1000864F0	0x00000094	[ 48] _CLEAR_MAP_PALS
0x100086584	0x00000084	[ 48] _TIME2STR
0x100086608	0x00000584	[ 48] _CVTTIME
0x100086B8C	0x00000030	[ 48] _c3x_reg_identity
0x100086BBC	0x000000B0	[ 48] _RADAR_PLOT
0x100086C6C	0x00000034	[ 48] _asan.module_ctor
0x100086CA0	0x0000001C	[ 48] _asan.module_dtor
0x100086CBC	0x00000058	[ 49] __COSI
0x100086D14	0x00000310	[ 49] __SINE
0x100087024	0x00000030	[ 49] _c3x_reg_identity
0x100087054	0x00000178	[ 49] _NORMITS
0x1000871CC	0x0000010C	[ 49] _NORMIT
0x1000872D8	0x000003D0	[ 49] _ARCTANF
0x1000876A8	0x00000804	[ 49] _FIND_MATRIX
0x100087EAC	0x00000038	[ 49] _STF_F32
0x100087EE4	0x00000264	[ 49] _FIND_XMATRIX
0x100088148	0x00000260	[ 49] __find_Ymatrix
0x1000883A8	0x0000049C	[ 49] _HPFIND_YMATRIX
0x100088844	0x000002F8	[ 49] _FIND_ZMATRIX
0x100088B3C	0x00000200	[ 49] _INITMAT
0x100088D3C	0x00000084	[ 49] _VECTLEN
0x100088DC0	0x00000518	[ 49] _CPYMAT
0x1000892D8	0x00000584	[ 49] _CPYIMAT
0x10008985C	0x000000A8	[ 49] _CLR_VECTORA
0x100089904	0x00000A44	[ 49] _MATRIX_MUL
0x10008A348	0x00000588	[ 49] _NORMALIZE
0x10008A8D0	0x00000094	[ 49] _NORMAT
0x10008A964	0x00000858	[ 49] _GEN_NORMAL
0x10008B1BC	0x00000034	[ 49] _CONCATMATV
0x10008B1F0	0x000017C0	[ 49] _CONCAT201
0x10008C9B0	0x00000114	[ 49] _DOT3_REG
0x10008CAC4	0x00000048	[ 49] _CONCATMAT
0x10008CB0C	0x00000220	[ 49] _GETTHETADIFF
0x10008CD2C	0x000005A0	[ 49] _DIST_PT2LINE
0x10008D2CC	0x000003B8	[ 49] _GETLINE_EQ_2D
0x10008D684	0x00000084	[ 49] _SCALE_MATRIX
0x10008D708	0x00000034	[ 49] _asan.module_ctor
0x10008D73C	0x0000001C	[ 49] _asan.module_dtor
0x10008D758	0x00000084	[ 50] _TEST_STATIC_CHIPS
0x10008D7DC	0x000000A0	[ 50] _TEST_CHIPS
0x10008D87C	0x00000034	[ 50] _asan.module_ctor
0x10008D8B0	0x0000001C	[ 50] _asan.module_dtor
0x10008D8CC	0x000000B8	[ 51] _INITIALIZATION_MOTION_CHECK
0x10008D984	0x00000084	[ 51] _SEND_MOTOR_OFF
0x10008DA08	0x00000008	[ 51] _CHECK_MOTION_DIP
0x10008DA10	0x00000008	[ 51] _CHECK_MOTION_PRESENT
0x10008DA18	0x00000084	[ 51] _DIAG_MOTION_TESTZ
0x10008DA9C	0x00000084	[ 51] _DIAG_MOTION_TESTX
0x10008DB20	0x00000084	[ 51] _DIAG_MOTION_TESTY
0x10008DBA4	0x000000A8	[ 51] _DIAG_MOTION_BURNIN
0x10008DC4C	0x000000A8	[ 51] _PLMOTION
0x10008DCF4	0x00000074	[ 51] _LEVEL_THE_MOTION
0x10008DD68	0x000000A0	[ 51] _SEND_CMD
0x10008DE08	0x00000084	[ 51] _RESET_GALIL
0x10008DE8C	0x00000084	[ 51] _ABORT_RESET_GALIL
0x10008DF10	0x00000084	[ 51] _MOTION_DLPROG
0x10008DF94	0x00000084	[ 51] _CLEAR_LATCH_ERROR
0x10008E018	0x00000074	[ 51] _LATCH_ERROR
0x10008E08C	0x00000098	[ 51] _WAIT_ACK
0x10008E124	0x00000034	[ 51] _asan.module_ctor
0x10008E158	0x0000001C	[ 51] _asan.module_dtor
0x10008E174	0x00000330	[ 52] _PRC_CREATE
0x10008E4A4	0x00000220	[ 52] _PRC_CREATE_CHILD
0x10008E6C4	0x00000080	[ 52] _PRC_DISPATCH
0x10008E744	0x000002CC	[ 52] _NEXTPRC
0x10008EA10	0x000000CC	[ 52] _PRC_SLEEP
0x10008EADC	0x000002C8	[ 52] _PRC_SUICIDE
0x10008EDA4	0x00000308	[ 52] _PRC_KILL
0x10008F0AC	0x00000278	[ 52] _PRC_KILLALL
0x10008F324	0x00000098	[ 52] _PRC_EXISTP
0x10008F3BC	0x00000170	[ 52] _PRC_INIT
0x10008F52C	0x00000084	[ 52] _PRC_XFER
0x10008F5B0	0x00000084	[ 52] _PRC_FINDNEXT
0x10008F634	0x0000014C	[ 52] _PRC_FIND
0x10008F780	0x00000098	[ 52] _PRC_FOLLOW
0x10008F818	0x00000034	[ 52] _asan.module_ctor
0x10008F84C	0x0000001C	[ 52] _asan.module_dtor
0x10008F868	0x000004C4	[ 53] _OBJ_INIT
0x10008FD2C	0x00000328	[ 53] _OBJ_GETE
0x100090054	0x00000710	[ 53] _OBJ_GET
0x100090764	0x0000024C	[ 53] _OBJ_INSERTP
0x1000909B0	0x00000604	[ 53] _GETDIST
0x100090FB4	0x00000084	[ 53] _OBJ_INSERTLP
0x100091038	0x00000084	[ 53] _OBJ_INSERTHP
0x1000910BC	0x0000044C	[ 53] _OBJ_INSERT
0x100091508	0x00000134	[ 53] _OBJ_FIND_FIRST_tail
0x10009163C	0x00000064	[ 53] _OBJ_FIND_FIRST_PRIORITY
0x1000916A0	0x00000064	[ 53] _OBJ_FIND_FIRST
0x100091704	0x00000030	[ 53] _OBJ_FREE_GROUND
0x100091734	0x000001E4	[ 53] _OBJ_FREE_SUPPLEMENTAL
0x100091918	0x00000030	[ 53] _OBJ_FREE_SIGN
0x100091948	0x000001DC	[ 53] _OBJ_FREE_DRIVE
0x100091B24	0x00000060	[ 53] _OBJ_FREE_PROC
0x100091B84	0x00000728	[ 53] _OBJ_DELETE
0x1000922AC	0x0000009C	[ 53] _OBJ_DELETE_CLASS
0x100092348	0x000002CC	[ 53] _OBJ_PULL
0x100092614	0x000000AC	[ 53] _OBJ_FREE
0x1000926C0	0x000004A4	[ 53] _ZSORTWT
0x100092B64	0x000001E8	[ 53] _PLYRDLINK
0x100092D4C	0x00000EF4	[ 53] _DRONESORT
0x100093C40	0x000005F0	[ 53] _PLYRSORT
0x100094230	0x00000368	[ 53] _OSCAN
0x100094598	0x00000878	[ 53] _ISCAN
0x100094E10	0x00000030	[ 53] _c3x_reg_identity
0x100094E40	0x0000021C	[ 53] _RESCAN
0x10009505C	0x00000368	[ 53] _ZSORTACT
0x1000953C4	0x000000A0	[ 53] _ZSORTPRIOR
0x100095464	0x00000084	[ 53] _OBJ_MAKE
0x1000954E8	0x0000017C	[ 53] _OBJ_QMAKE
0x100095664	0x00000048	[ 53] _OBJREF_TO_PTR
0x1000956AC	0x00000034	[ 53] _asan.module_ctor
0x1000956E0	0x0000001C	[ 53] _asan.module_dtor
0x1000956FC	0x00000034	[ 54] _asan.module_ctor
0x100095730	0x0000001C	[ 54] _asan.module_dtor
0x10009574C	0x0000022C	[ 55] _SECTION_ROUTINE
0x100095978	0x00000084	[ 55] _CHECKPOINT_HIT_R
0x1000959FC	0x00000098	[ 55] _CHECKPOINT_HIT
0x100095A94	0x00000084	[ 55] _WATERON
0x100095B18	0x00000084	[ 55] _WATEROFF
0x100095B9C	0x00000084	[ 55] _SET_BGNDCOL2BROWN
0x100095C20	0x00000084	[ 55] _TURNOFF_INFINITY
0x100095CA4	0x00000084	[ 55] _TURNON_INFINITY
0x100095D28	0x00000084	[ 55] _RR_UNFREEZE
0x100095DAC	0x00000084	[ 55] _RAILPRIME
0x100095E30	0x00000084	[ 55] _HELISTART
0x100095EB4	0x00000084	[ 55] _HELIEND
0x100095F38	0x00000084	[ 55] _BOFFNC
0x100095FBC	0x00000084	[ 55] _TOWER_PAL_LD
0x100096040	0x00000084	[ 55] _TOWER_PAL_RESTORE
0x1000960C4	0x00000084	[ 55] _TUNNEL_ON
0x100096148	0x00000084	[ 55] _TUNNEL_OFF
0x1000961CC	0x00000084	[ 55] _BRIDGE_ON
0x100096250	0x00000084	[ 55] _BRIDGE_OFF
0x1000962D4	0x00000084	[ 55] _CHANGE_TUNE
0x100096358	0x00000084	[ 55] _END_OF_GAME
0x1000963DC	0x00000084	[ 55] _LOOK_HOLLYWOOD
0x100096460	0x00000084	[ 55] _LOOK_GCANYON
0x1000964E4	0x00000084	[ 55] _LOOK_DEATHVALLEY
0x100096568	0x00000084	[ 55] _LOOK_MTRUSHMORE
0x1000965EC	0x00000084	[ 55] _LOOK_MIDWEST
0x100096670	0x00000084	[ 55] _LOOK_REDWOOD
0x1000966F4	0x00000084	[ 55] _LOOK_SANFRANCISCO
0x100096778	0x00000084	[ 55] _START_SANFRAN
0x1000967FC	0x00000084	[ 55] _REDWOOD_START
0x100096880	0x00000084	[ 55] _BEACHON
0x100096904	0x00000084	[ 55] _OVERLOCK
0x100096988	0x00000034	[ 55] _asan.module_ctor
0x1000969BC	0x0000001C	[ 55] _asan.module_dtor
0x1000969D8	0x00000290	[ 56] _PAL_INIT
0x100096C68	0x00000170	[ 56] _PALXFER_INIT
0x100096DD8	0x00000820	[ 56] _PAL_XFER
0x1000975F8	0x000001B8	[ 56] _PALXFER_DEL
0x1000977B0	0x00000084	[ 56] _PAL_OVERWRITE
0x100097834	0x000000D8	[ 56] _PAL_FIND
0x10009790C	0x000000F4	[ 56] _PAL_FIND_RAW
0x100097A00	0x000000F0	[ 56] _PAL_DELETE_RAW
0x100097AF0	0x00000420	[ 56] _PAL_ALLOC
0x100097F10	0x00000134	[ 56] _PAL_SET
0x100098044	0x00000258	[ 56] _PAL_ALLOC_RAW
0x10009829C	0x000001D0	[ 56] _PALXFER_GET
0x10009846C	0x0000024C	[ 56] _PAL_DELETE
0x1000986B8	0x00000084	[ 56] _PAL_DIMMER
0x10009873C	0x00000034	[ 56] _asan.module_ctor
0x100098770	0x0000001C	[ 56] _asan.module_dtor
0x10009878C	0x00000450	[ 57] __CARV0
0x100098BDC	0x000009CC	[ 57] _CLEAR_CARBLK
0x1000995A8	0x00000030	[ 57] _c3x_reg_identity
0x1000995D8	0x00000098	[ 57] _BONUS_WAIT_LOOP
0x100099670	0x00000094	[ 57] _PLYR_CAR_INIT
0x100099704	0x00000084	[ 57] _PLYR_INTRO_ENTER
0x100099788	0x00000124	[ 57] __PLYR
0x1000998AC	0x000003D8	[ 57] _CAMYADJ
0x100099C84	0x000007B4	[ 57] _DRONEGO
0x10009A438	0x00000330	[ 57] _GETAUTO
0x10009A768	0x00002E28	[ 57] _GETSPD
0x10009D590	0x00001078	[ 57] _GETSKID
0x10009E608	0x000004D4	[ 57] _GETRPM
0x10009EADC	0x00000CC4	[ 57] _GETDIR
0x10009F7A0	0x00000188	[ 57] _DRONINBZ
0x10009F928	0x000003CC	[ 57] _DRONESTOP
0x10009FCF4	0x00000048	[ 57] _OBJREF_TO_PTR
0x10009FD3C	0x00000084	[ 57] __off_brake
0x10009FDC0	0x0000009C	[ 57] __on_brake
0x10009FE5C	0x00000084	[ 57] __VIEW0
0x10009FEE0	0x00000084	[ 57] __VIEW1
0x10009FF64	0x00000098	[ 57] __VIEW2
0x10009FFFC	0x000004B0	[ 57] _GETTRAK
0x1000A04AC	0x00000054	[ 57] _OBJ_TO_REF
0x1000A0500	0x00000084	[ 57] _INBOUNDZ
0x1000A0584	0x00000264	[ 57] _CKBND
0x1000A07E8	0x00000098	[ 57] _CURBCOL0
0x1000A0880	0x00000084	[ 57] _GETNXTRDIR
0x1000A0904	0x0000004C	[ 57] _ROADIR
0x1000A0950	0x000002AC	[ 57] _GETRDIR
0x1000A0BFC	0x00000084	[ 57] _MKFXSND
0x1000A0C80	0x000000B0	[ 57] _RANDSND
0x1000A0D30	0x000000B8	[ 57] _RANDVSND
0x1000A0DE8	0x000000B8	[ 57] _DRONESND
0x1000A0EA0	0x0000051C	[ 57] _DRONESND1
0x1000A13BC	0x00000094	[ 57] _GETCMOS_VALUES
0x1000A1450	0x00000FF4	[ 57] _CARSPIN
0x1000A2444	0x00000034	[ 57] _asan.module_ctor
0x1000A2478	0x0000001C	[ 57] _asan.module_dtor
0x1000A2494	0x00000084	[ 58] _DIFF_CHANGE
0x1000A2518	0x000051E0	[ 58] _RACER_DRONE
0x1000A76F8	0x00000030	[ 58] _c3x_reg_identity
0x1000A7728	0x000006C8	[ 58] _GETDIFF
0x1000A7DF0	0x00000FE0	[ 58] _SPOS_INIT
0x1000A8DD0	0x00000048	[ 58] _OBJREF_TO_PTR
0x1000A8E18	0x00000E00	[ 58] _RACE_FIN
0x1000A9C18	0x00000CB0	[ 58] _RPASS
0x1000AA8C8	0x000006A0	[ 58] _CKPCOL
0x1000AAF68	0x00000E5C	[ 58] _OBSTABINIT
0x1000ABDC4	0x00000168	[ 58] _CARSCAN
0x1000ABF2C	0x00000128	[ 58] _PLSCAN
0x1000AC054	0x00000E70	[ 58] _GETRDOFFSET
0x1000ACEC4	0x000014AC	[ 58] _GETPOWER
0x1000AE370	0x00000290	[ 58] _FIND_MAP
0x1000AE600	0x0000004C	[ 58] _CKTRANSHI
0x1000AE64C	0x00000B3C	[ 58] _STEALTH_UPDATE
0x1000AF188	0x00000050	[ 58] _CKTRANSLO
0x1000AF1D8	0x00000158	[ 58] _FIND_DYNA
0x1000AF330	0x000001B0	[ 58] _COMPTRAK
0x1000AF4E0	0x0000009C	[ 58] _DECODE_RACER_XSFER
0x1000AF57C	0x0000082C	[ 58] _CKAHEAD
0x1000AFDA8	0x00001638	[ 58] _CARCHEK
0x1000B13E0	0x00000094	[ 58] _WRECKST
0x1000B1474	0x00000098	[ 58] _WRECK
0x1000B150C	0x000001D8	[ 58] _CKRANGE
0x1000B16E4	0x00000078	[ 58] _SEND_RACER_XSFER
0x1000B175C	0x0000105C	[ 58] _GETSTSPD
0x1000B27B8	0x000002A4	[ 58] _GETPV
0x1000B2A5C	0x00000514	[ 58] _GETWIDTH
0x1000B2F70	0x00000034	[ 58] _asan.module_ctor
0x1000B2FA4	0x0000001C	[ 58] _asan.module_dtor
0x1000B2FC0	0x00001BCC	[ 59] _RHO_DRONE
0x1000B4B8C	0x00000054	[ 59] _OBJ_TO_REF
0x1000B4BE0	0x00000030	[ 59] _c3x_reg_identity
0x1000B4C10	0x00002728	[ 59] _RHO_LP
0x1000B7338	0x00000320	[ 59] _RHO_DIE
0x1000B7658	0x00000084	[ 59] _SEND_RHO_XSFER
0x1000B76DC	0x00000084	[ 59] _SEND_RHO_KILL
0x1000B7760	0x00000098	[ 59] _DECODE_RHO_XSFER
0x1000B77F8	0x00000098	[ 59] _DECODE_RHO_KILL
0x1000B7890	0x00000B1C	[ 59] _RHO_ISHIT
0x1000B83AC	0x00000398	[ 59] _CKCAROFF
0x1000B8744	0x00000048	[ 59] _OBJREF_TO_PTR
0x1000B878C	0x00000034	[ 59] _asan.module_ctor
0x1000B87C0	0x0000001C	[ 59] _asan.module_dtor
0x1000B87DC	0x00000584	[ 60] _DIV_F30
0x1000B8D60	0x00000030	[ 60] _c3x_reg_identity
0x1000B8D90	0x0000009C	[ 60] _DIV_I30
0x1000B8E2C	0x0000009C	[ 60] _DIV_U30
0x1000B8EC8	0x000002D0	[ 60] _INV_F30
0x1000B9198	0x00000098	[ 60] _MOD_I30
0x1000B9230	0x0000009C	[ 60] _MOD_U30
0x1000B92CC	0x0000071C	[ 60] _SQRT
0x1000B99E8	0x00000034	[ 60] _asan.module_ctor
0x1000B9A1C	0x0000001C	[ 60] _asan.module_dtor
0x1000B9A38	0x00000088	[ 61] _RRSTART_ENGINE
0x1000B9AC0	0x00000088	[ 61] _RRSTART_BOXCAR
0x1000B9B48	0x00000084	[ 61] _RAMPDOWNTRAINSND
0x1000B9BCC	0x000000AC	[ 61] _FLYTRAIN
0x1000B9C78	0x00000094	[ 61] _DEADCARA
0x1000B9D0C	0x00000084	[ 61] _GETFLYMAT_TRAIN
0x1000B9D90	0x00000034	[ 61] _asan.module_ctor
0x1000B9DC4	0x0000001C	[ 61] _asan.module_dtor
0x1000B9DE0	0x00000058	[ 62] _INIT_RDDEBRIS
0x1000B9E38	0x000001AC	[ 62] _ADD_RDDEBRIS
0x1000B9FE4	0x000001D8	[ 62] _FREE_RDDEBRIS
0x1000BA1BC	0x000000A8	[ 62] _DEBRIS_SORT
0x1000BA264	0x00000034	[ 62] _asan.module_ctor
0x1000BA298	0x0000001C	[ 62] _asan.module_dtor
0x1000BA2B4	0x00000098	[ 63] _PLYRROADKILL
0x1000BA34C	0x0000009C	[ 63] _ROADKILL_FLYERP
0x1000BA3E8	0x00000098	[ 63] _ROADKILL_HIT
0x1000BA480	0x00000094	[ 63] _ROADKILL_SETKILL
0x1000BA514	0x00000094	[ 63] _OBJ_MOVE_GROUND
0x1000BA5A8	0x00000094	[ 63] _GET_ROADKILL_TRACK
0x1000BA63C	0x00000098	[ 63] _PROC_COUNT
0x1000BA6D4	0x0000009C	[ 63] _COW_SPAWNER_PROC
0x1000BA770	0x00000098	[ 63] _DEER_SPAWNER_PROC
0x1000BA808	0x000000A0	[ 63] _DEER_EXPLODE
0x1000BA8A8	0x00000084	[ 63] _FLYING_PARTS
0x1000BA92C	0x00000094	[ 63] _GEESE_SPAWNER
0x1000BA9C0	0x00000098	[ 63] _BUG_SPAWNER_PROC
0x1000BAA58	0x00000098	[ 63] _DELETE_SPLAT
0x1000BAAF0	0x00000034	[ 63] _asan.module_ctor
0x1000BAB24	0x0000001C	[ 63] _asan.module_dtor
0x1000BAB40	0x00000094	[ 64] _CLEANUP_PALS
0x1000BABD4	0x000002C0	[ 64] _FULLSETUP_GGPARK
0x1000BAE94	0x00000084	[ 64] _FULLSETUP_SANFRAN
0x1000BAF18	0x00000084	[ 64] _FULLSETUP_H280
0x1000BAF9C	0x00000084	[ 64] _FULLSETUP_REDWOOD
0x1000BB020	0x00000500	[ 64] _FULLSETUP_BEVERLY
0x1000BB520	0x00000084	[ 64] _FULLSETUP_LAFREEWAY
0x1000BB5A4	0x00000084	[ 64] _FULLSETUP_DEATHVALLEY
0x1000BB628	0x00000084	[ 64] _FULLSETUP_ARIZONA
0x1000BB6AC	0x000004D8	[ 64] _FULLSETUP_GCANYON
0x1000BBB84	0x00000084	[ 64] _FULLSETUP_IOWA
0x1000BBC08	0x00000084	[ 64] _FULLSETUP_CHICAGO
0x1000BBC8C	0x00000084	[ 64] _FULLSETUP_INDIANA
0x1000BBD10	0x00000084	[ 64] _FULLSETUP_APPALACHIA
0x1000BBD94	0x00000084	[ 64] _FULLSETUP_WASHINGTONDC
0x1000BBE18	0x00000098	[ 64] _LOADGGPARK
0x1000BBEB0	0x00000090	[ 64] _LOADSANFRAN
0x1000BBF40	0x00000088	[ 64] _LOADALLH280
0x1000BBFC8	0x00000088	[ 64] _LOADREDWOOD
0x1000BC050	0x00000094	[ 64] _LOADBEVERLY
0x1000BC0E4	0x00000090	[ 64] _LOADLAFREEWAY
0x1000BC174	0x0000009C	[ 64] _LOADDEATHVALLEY
0x1000BC210	0x0000009C	[ 64] _LOADARIZONA
0x1000BC2AC	0x00000098	[ 64] _LOADGCANYON
0x1000BC344	0x000000A4	[ 64] _LOADIOWA
0x1000BC3E8	0x000000C0	[ 64] _LOADCHICAGO
0x1000BC4A8	0x000000A4	[ 64] _LOADINDIANA
0x1000BC54C	0x000000A4	[ 64] _LOADAPPALACHIA
0x1000BC5F0	0x000000B0	[ 64] _LOADWASHINGTONDC
0x1000BC6A0	0x0000013C	[ 64] _LOAD_TUNNEL
0x1000BC7DC	0x00000144	[ 64] _LOAD_TUNNEL2
0x1000BC920	0x00000098	[ 64] _LOADH280
0x1000BC9B8	0x00000084	[ 64] _WATERON
0x1000BCA3C	0x00000084	[ 64] _WATEROFF
0x1000BCAC0	0x00000034	[ 64] _asan.module_ctor
0x1000BCAF4	0x0000001C	[ 64] _asan.module_dtor
0x1000BCB10	0x00004160	[ 65] _SIGMA_DRONE
0x1000C0C70	0x00000024	[ 65] _SIGMA_DIE
0x1000C0C94	0x00000054	[ 65] _OBJ_TO_REF
0x1000C0CE8	0x00000030	[ 65] _c3x_reg_identity
0x1000C0D18	0x00000878	[ 65] _BREAKDOWN
0x1000C1590	0x00000048	[ 65] _OBJREF_TO_PTR
0x1000C15D8	0x00000034	[ 65] _asan.module_ctor
0x1000C160C	0x0000001C	[ 65] _asan.module_dtor
0x1000C1628	0x000000B4	[ 66] _SMOKE_PROC
0x1000C16DC	0x00000094	[ 66] _SORT_SMOKE
0x1000C1770	0x0000009C	[ 66] _INIT_SPARK
0x1000C180C	0x000000AC	[ 66] _SPARK_PROC
0x1000C18B8	0x000000A0	[ 66] _WALL_SPARK
0x1000C1958	0x000005B4	[ 66] _IMPACT_SPARK
0x1000C1F0C	0x0000009C	[ 66] _TOO_MANY_SPARKS
0x1000C1FA8	0x00000030	[ 66] _c3x_reg_identity
0x1000C1FD8	0x000000A0	[ 66] _INIT_COLLA_OBJS
0x1000C2078	0x00000084	[ 66] _ROAD_IMPACT_SPARK
0x1000C20FC	0x00000084	[ 66] _SKID_SPARK
0x1000C2180	0x00000084	[ 66] _OBJ_MOVE
0x1000C2204	0x00000034	[ 66] _asan.module_ctor
0x1000C2238	0x0000001C	[ 66] _asan.module_dtor
0x1000C2254	0x00000018	[ 67] _asan.module_ctor
0x1000C226C	0x00000094	[ 68] _RADIO_BUT
0x1000C2300	0x00000084	[ 68] _SET_STATION
0x1000C2384	0x00000084	[ 68] _CHANGE_STATION
0x1000C2408	0x00000084	[ 68] _SET_TUNE_LINKED
0x1000C248C	0x00000084	[ 68] _SET_TUNE
0x1000C2510	0x0000009C	[ 68] _RESUME_TUNE
0x1000C25AC	0x00000074	[ 68] _RESUME_TUNE_NT
0x1000C2620	0x00000078	[ 68] _SET_MASTER_VOL
0x1000C2698	0x0000009C	[ 68] _SET_TRACK_VOL
0x1000C2734	0x00000008	[ 68] _RESET_SNDBRD
0x1000C273C	0x00000074	[ 68] _SILENT
0x1000C27B0	0x00000084	[ 68] _CLRSNDDB
0x1000C2834	0x00000084	[ 68] _GETPRI
0x1000C28B8	0x0000001C	[ 68] _VOLSNDFX
0x1000C28D4	0x0000009C	[ 68] _ONESNDFX
0x1000C2970	0x0000009C	[ 68] _KILLSNDFX
0x1000C2A0C	0x00000084	[ 68] _PLYR_ENGINE
0x1000C2A90	0x00000084	[ 68] _HARDSND
0x1000C2B14	0x00000090	[ 68] _ONESND
0x1000C2BA4	0x00000094	[ 68] _SENDSND
0x1000C2C38	0x00000084	[ 68] _SND_RESET_QUIET
0x1000C2CBC	0x00000088	[ 68] _SNDPROC
0x1000C2D44	0x00000034	[ 68] _asan.module_ctor
0x1000C2D78	0x0000001C	[ 68] _asan.module_dtor
0x1000C2D94	0x00000034	[ 69] _asan.module_ctor
0x1000C2DC8	0x0000001C	[ 69] _asan.module_dtor
0x1000C2DE4	0x000000B0	[ 70] _TEXT_INIT
0x1000C2E94	0x000001A0	[ 70] _TEXT_ADDDS
0x1000C3034	0x00000298	[ 70] _TEXT_ADD
0x1000C32CC	0x00000030	[ 70] _c3x_reg_identity
0x1000C32FC	0x00000084	[ 70] _TEXT_ADD1
0x1000C3380	0x000001A8	[ 70] _SET18FONT
0x1000C3528	0x00000088	[ 70] _SETSMDIGITFONT
0x1000C35B0	0x00000088	[ 70] _SETSMDIGITFONTDS
0x1000C3638	0x00000088	[ 70] _SETLGDIGITFONT
0x1000C36C0	0x00000088	[ 70] _SETLGDIGITFONTDS
0x1000C3748	0x00000088	[ 70] _SETN43FONT
0x1000C37D0	0x00000088	[ 70] _SETN43FONTDS
0x1000C3858	0x000003F8	[ 70] _SET40FONT
0x1000C3C50	0x00000088	[ 70] _SET40FONTDS
0x1000C3CD8	0x00000088	[ 70] _SET12FONT
0x1000C3D60	0x000004B4	[ 70] _SET12FONTDS
0x1000C4214	0x00000088	[ 70] _SET18FONTDS
0x1000C429C	0x00000088	[ 70] _SETFIXEDFONT
0x1000C4324	0x00000088	[ 70] _SETFIXEDFONTDS
0x1000C43AC	0x00001580	[ 70] _TEXT_OUTPUT
0x1000C592C	0x00000308	[ 70] _STRLEN
0x1000C5C34	0x00000098	[ 70] _STRCPY
0x1000C5CCC	0x000001C8	[ 70] _STRCAT
0x1000C5E94	0x000000B4	[ 70] _HIGHLIGHTN
0x1000C5F48	0x00000034	[ 70] _asan.module_ctor
0x1000C5F7C	0x0000001C	[ 70] _asan.module_dtor
0x1000C5F98	0x00000084	[ 71] __rdma
0x1000C601C	0x00000658	[ 71] __stuff_fpga
0x1000C6674	0x00000084	[ 71] _BLTMOD2D_NOPAL
0x1000C66F8	0x00000094	[ 71] _BLTMOD2D
0x1000C678C	0x00000084	[ 71] _BLTMOD2D_DS
0x1000C6810	0x00000034	[ 71] _asan.module_ctor
0x1000C6844	0x0000001C	[ 71] _asan.module_dtor
0x1000C6860	0x0000009C	[ 72] _TRACK_SELECTION
0x1000C68FC	0x000000EC	[ 72] _MOTION_SCREWED
0x1000C69E8	0x00000084	[ 72] _CLEANUP_TRACKSEL_PALS
0x1000C6A6C	0x00000084	[ 72] _BOILERPLATE_INIT
0x1000C6AF0	0x00000034	[ 72] _asan.module_ctor
0x1000C6B24	0x0000001C	[ 72] _asan.module_dtor
0x1000C6B40	0x0000009C	[ 73] _CHOOSE_TRANSMISSION
0x1000C6BDC	0x00000084	[ 73] _DROPTHETURN
0x1000C6C60	0x00000084	[ 73] _DROPTHECYCLE
0x1000C6CE4	0x00000084	[ 73] _DROPTHEWHEEL
0x1000C6D68	0x00000098	[ 73] _DROPTHEOTHER
0x1000C6E00	0x0000009C	[ 73] _SIDE_DOOR
0x1000C6E9C	0x000000A0	[ 73] _DOOR_OPENING
0x1000C6F3C	0x000000A4	[ 73] _WHEEL_ROUT
0x1000C6FE0	0x00000098	[ 73] _DOOR_ELEMENT_DELETE_ALL
0x1000C7078	0x00000098	[ 73] _DOOR_ELEMENT_DELETE
0x1000C7110	0x00000084	[ 73] _TRANSCHOICE
0x1000C7194	0x00000084	[ 73] _GET_UNIT_WHEEL
0x1000C7218	0x000000BC	[ 73] _FIX_TRANSMISSION_SCREEN
0x1000C72D4	0x00000094	[ 73] _TURNTO_SELECT
0x1000C7368	0x00000094	[ 73] _CYCLE_PUSH
0x1000C73FC	0x00000084	[ 73] _ADD_TO_DOOR_LIST
0x1000C7480	0x00000098	[ 73] _ENGINE_COLOR_INIT
0x1000C7518	0x00000084	[ 73] _ENGINE_COLOR
0x1000C759C	0x00000034	[ 73] _asan.module_ctor
0x1000C75D0	0x0000001C	[ 73] _asan.module_dtor
0x1000C75EC	0x000000F8	[ 74] _SETPAGE0
0x1000C76E4	0x00000104	[ 74] _SETPAGE1
0x1000C77E8	0x00000194	[ 74] _FASTCLR1
0x1000C797C	0x000000C8	[ 74] _SCREEN_FILL
0x1000C7A44	0x00000014	[ 74] _CLRSCRN
0x1000C7A58	0x00000018	[ 74] _CLRSCRN0
0x1000C7A70	0x00000018	[ 74] _CLRSCRN1
0x1000C7A88	0x00000030	[ 74] _port_clear_screen
0x1000C7AB8	0x00000024	[ 74] _CLR255
0x1000C7ADC	0x00000024	[ 74] _CLR511
0x1000C7B00	0x00000094	[ 74] _SCRNFIL
0x1000C7B94	0x00000084	[ 74] _CLRCRAM
0x1000C7C18	0x00000164	[ 74] _RANDOM
0x1000C7D7C	0x00000144	[ 74] _FRAND
0x1000C7EC0	0x000001EC	[ 74] _RANDU0
0x1000C80AC	0x00000030	[ 74] _c3x_reg_identity
0x1000C80DC	0x00000088	[ 74] _SFRAND
0x1000C8164	0x00000038	[ 74] _RANDU
0x1000C819C	0x00000060	[ 74] _SRAND
0x1000C81FC	0x0000007C	[ 74] _RANDPER
0x1000C8278	0x00000138	[ 74] _INIT_LINKED_LIST
0x1000C83B0	0x000001B8	[ 74] _GET_LLIST
0x1000C8568	0x00000098	[ 74] _ALLOC_LLIST
0x1000C8600	0x00000084	[ 74] _FREE_LLIST
0x1000C8684	0x00000098	[ 74] _DEL_LLIST
0x1000C871C	0x000008E0	[ 74] _VEHICLE_ANI_INIT
0x1000C8FFC	0x0000016C	[ 74] _GETDYNA
0x1000C9168	0x00000DB8	[ 74] _CARPROC
0x1000C9F20	0x00001448	[ 74] _LEAN
0x1000CB368	0x00000034	[ 74] _DYNAOBJ_INIT
0x1000CB39C	0x000000AC	[ 74] _DELDYNA
0x1000CB448	0x00000164	[ 74] _CARB_INIT
0x1000CB5AC	0x00000160	[ 74] _GETCAR
0x1000CB70C	0x00000058	[ 74] _carblk_freelist_next
0x1000CB764	0x0000013C	[ 74] _DELCAR
0x1000CB8A0	0x00000068	[ 74] _carblk_freelist_set_next
0x1000CB908	0x00000208	[ 74] _SCAN_OBJECTS
0x1000CBB10	0x00000004	[ 74] _PUSHALL
0x1000CBB14	0x00000004	[ 74] _POPALL
0x1000CBB18	0x00000084	[ 74] _DISTANCE_2D
0x1000CBB9C	0x00000764	[ 74] _OVELADD
0x1000CC300	0x00000754	[ 74] _OVELNADD
0x1000CCA54	0x0000009C	[ 74] _FORWARD
0x1000CCAF0	0x00000034	[ 74] _asan.module_ctor
0x1000CCB24	0x0000001C	[ 74] _asan.module_dtor
0x1000CCB40	0x00000518	[ 75] _WAVE
0x1000CD058	0x000000A4	[ 75] _INIT_SYSTEM
0x1000CD0FC	0x000002D0	[ 75] _LOAD_FIXED_PALETTES
0x1000CD3CC	0x00000084	[ 75] _BEGIN_GAME
0x1000CD450	0x0000019C	[ 75] _LOAD_VARIOUS_PALETTES
0x1000CD5EC	0x00000084	[ 75] _LOAD_STARTUP_PALS
0x1000CD670	0x00000084	[ 75] _HEAD2HEAD_WAIT
0x1000CD6F4	0x00000084	[ 75] _CREDITS
0x1000CD778	0x00000094	[ 75] _THANKS
0x1000CD80C	0x00000140	[ 75] _MIDSPINHS
0x1000CD94C	0x00000224	[ 75] _RACELEG
0x1000CDB70	0x000001FC	[ 75] _MIDSPIN
0x1000CDD6C	0x00000198	[ 75] _HIGH_SCORE
0x1000CDF04	0x00000308	[ 75] _HEAD2HEADWATCH
0x1000CE20C	0x00000034	[ 75] _asan.module_ctor
0x1000CE240	0x0000001C	[ 75] _asan.module_dtor
0x1000CE25C	0x00000098	[ 76] _NUWHEEL
0x1000CE2F4	0x00000084	[ 76] _TOWHEEL
0x1000CE378	0x00000034	[ 76] _asan.module_ctor
0x1000CE3AC	0x0000001C	[ 76] _asan.module_dtor
0x1000CE3C8	0x000000A4	[ 77] _crusn_measure_attract_start
0x1000CE46C	0x00000144	[ 77] _crusn_measure_attract_end
0x1000CE5B0	0x00000108	[ 77] _crusn_yield_display_interrupt
0x1000CE6B8	0x0000027C	[ 77] _crusn_pump_events
0x1000CE934	0x000005DC	[ 77] _main
0x1000CEF10	0x00000034	[ 77] _asan.module_ctor
0x1000CEF44	0x0000001C	[ 77] _asan.module_dtor
0x1000CEF60	0x00000294	[ 78] _crusn_video_init
0x1000CF1F4	0x00000244	[ 78] _crusn_video_shutdown
0x1000CF438	0x000003EC	[ 78] _crusn_video_present
0x1000CF824	0x00000034	[ 78] _asan.module_ctor
0x1000CF858	0x0000001C	[ 78] _asan.module_dtor
0x1000CF874	0x0000000C	[ 79] _SDL_CreateRenderer.stub
0x1000CF880	0x0000000C	[ 79] _SDL_CreateTexture.stub
0x1000CF88C	0x0000000C	[ 79] _SDL_CreateWindow.stub
0x1000CF898	0x0000000C	[ 79] _SDL_Delay.stub
0x1000CF8A4	0x0000000C	[ 79] _SDL_DestroyRenderer.stub
0x1000CF8B0	0x0000000C	[ 79] _SDL_DestroyTexture.stub
0x1000CF8BC	0x0000000C	[ 79] _SDL_DestroyWindow.stub
0x1000CF8C8	0x0000000C	[ 79] _SDL_GetError.stub
0x1000CF8D4	0x0000000C	[ 79] _SDL_GetPerformanceCounter.stub
0x1000CF8E0	0x0000000C	[ 79] _SDL_GetPerformanceFrequency.stub
0x1000CF8EC	0x0000000C	[ 79] _SDL_Init.stub
0x1000CF8F8	0x0000000C	[ 79] _SDL_LockTexture.stub
0x1000CF904	0x0000000C	[ 79] _SDL_PollEvent.stub
0x1000CF910	0x0000000C	[ 79] _SDL_Quit.stub
0x1000CF91C	0x0000000C	[ 79] _SDL_RenderClear.stub
0x1000CF928	0x0000000C	[ 79] _SDL_RenderCopy.stub
0x1000CF934	0x0000000C	[ 79] _SDL_RenderPresent.stub
0x1000CF940	0x0000000C	[ 79] _SDL_UnlockTexture.stub
0x1000CF94C	0x0000000C	[ 80] ___asan_handle_no_return.stub
0x1000CF958	0x0000000C	[ 80] ___asan_init.stub
0x1000CF964	0x0000000C	[ 80] ___asan_memcpy.stub
0x1000CF970	0x0000000C	[ 80] ___asan_memmove.stub
0x1000CF97C	0x0000000C	[ 80] ___asan_memset.stub
0x1000CF988	0x0000000C	[ 80] ___asan_register_image_globals.stub
0x1000CF994	0x0000000C	[ 80] ___asan_report_load1.stub
0x1000CF9A0	0x0000000C	[ 80] ___asan_report_load2.stub
0x1000CF9AC	0x0000000C	[ 80] ___asan_report_load4.stub
0x1000CF9B8	0x0000000C	[ 80] ___asan_report_load8.stub
0x1000CF9C4	0x0000000C	[ 80] ___asan_report_load_n.stub
0x1000CF9D0	0x0000000C	[ 80] ___asan_report_store1.stub
0x1000CF9DC	0x0000000C	[ 80] ___asan_report_store2.stub
0x1000CF9E8	0x0000000C	[ 80] ___asan_report_store4.stub
0x1000CF9F4	0x0000000C	[ 80] ___asan_report_store8.stub
0x1000CFA00	0x0000000C	[ 80] ___asan_set_shadow_00.stub
0x1000CFA0C	0x0000000C	[ 80] ___asan_set_shadow_f5.stub
0x1000CFA18	0x0000000C	[ 80] ___asan_set_shadow_f8.stub
0x1000CFA24	0x0000000C	[ 80] ___asan_stack_free_5.stub
0x1000CFA30	0x0000000C	[ 80] ___asan_stack_free_8.stub
0x1000CFA3C	0x0000000C	[ 80] ___asan_stack_malloc_0.stub
0x1000CFA48	0x0000000C	[ 80] ___asan_stack_malloc_1.stub
0x1000CFA54	0x0000000C	[ 80] ___asan_stack_malloc_2.stub
0x1000CFA60	0x0000000C	[ 80] ___asan_stack_malloc_3.stub
0x1000CFA6C	0x0000000C	[ 80] ___asan_stack_malloc_4.stub
0x1000CFA78	0x0000000C	[ 80] ___asan_stack_malloc_5.stub
0x1000CFA84	0x0000000C	[ 80] ___asan_stack_malloc_8.stub
0x1000CFA90	0x0000000C	[ 80] ___asan_unregister_image_globals.stub
0x1000CFA9C	0x0000000C	[ 80] ___asan_version_mismatch_check_apple_clang_1700.stub
0x1000CFAA8	0x0000000C	[ 83] ___assert_rtn.stub
0x1000CFAB4	0x0000000C	[ 83] ___stack_chk_fail.stub
0x1000CFAC0	0x0000000C	[ 83] _abort.stub
0x1000CFACC	0x0000000C	[ 85] _calloc.stub
0x1000CFAD8	0x0000000C	[ 82] _dladdr.stub
0x1000CFAE4	0x0000000C	[ 83] _fclose.stub
0x1000CFAF0	0x0000000C	[ 83] _fflush.stub
0x1000CFAFC	0x0000000C	[ 83] _fgets.stub
0x1000CFB08	0x0000000C	[ 83] _fopen.stub
0x1000CFB14	0x0000000C	[ 83] _fprintf.stub
0x1000CFB20	0x0000000C	[ 83] _fputc.stub
0x1000CFB2C	0x0000000C	[ 83] _fread.stub
0x1000CFB38	0x0000000C	[ 85] _free.stub
0x1000CFB44	0x0000000C	[ 84] _frexp.stub
0x1000CFB50	0x0000000C	[ 84] _frexpf.stub
0x1000CFB5C	0x0000000C	[ 83] _fseek.stub
0x1000CFB68	0x0000000C	[ 83] _ftell.stub
0x1000CFB74	0x0000000C	[ 83] _fwrite.stub
0x1000CFB80	0x0000000C	[ 83] _getenv.stub
0x1000CFB8C	0x0000000C	[ 84] _ldexp.stub
0x1000CFB98	0x0000000C	[ 84] _ldexpf.stub
0x1000CFBA4	0x0000000C	[ 85] _malloc.stub
0x1000CFBB0	0x0000000C	[ 84] _pow.stub
0x1000CFBBC	0x0000000C	[ 85] _realloc.stub
0x1000CFBC8	0x0000000C	[ 83] _snprintf.stub
0x1000CFBD4	0x0000000C	[ 83] _sscanf.stub
0x1000CFBE0	0x0000000C	[ 83] _strchr.stub
0x1000CFBEC	0x0000000C	[ 83] _strcmp.stub
0x1000CFBF8	0x0000000C	[ 83] _strncmp.stub
0x1000CFC04	0x0000000C	[ 83] _strrchr.stub
0x1000CFC10	0x0000000C	[ 83] _strtoull.stub
0x1000CFC1C	0x00000004	[  0] init-offset
0x1000CFC20	0x00000004	[  0] init-offset
0x1000CFC24	0x00000004	[  0] init-offset
0x1000CFC28	0x00000004	[  0] init-offset
0x1000CFC2C	0x00000004	[  0] init-offset
0x1000CFC30	0x00000004	[  0] init-offset
0x1000CFC34	0x00000004	[  0] init-offset
0x1000CFC38	0x00000004	[  0] init-offset
0x1000CFC3C	0x00000004	[  0] init-offset
0x1000CFC40	0x00000004	[  0] init-offset
0x1000CFC44	0x00000004	[  0] init-offset
0x1000CFC48	0x00000004	[  0] init-offset
0x1000CFC4C	0x00000004	[  0] init-offset
0x1000CFC50	0x00000004	[  0] init-offset
0x1000CFC54	0x00000004	[  0] init-offset
0x1000CFC58	0x00000004	[  0] init-offset
0x1000CFC5C	0x00000004	[  0] init-offset
0x1000CFC60	0x00000004	[  0] init-offset
0x1000CFC64	0x00000004	[  0] init-offset
0x1000CFC68	0x00000004	[  0] init-offset
0x1000CFC6C	0x00000004	[  0] init-offset
0x1000CFC70	0x00000004	[  0] init-offset
0x1000CFC74	0x00000004	[  0] init-offset
0x1000CFC78	0x00000004	[  0] init-offset
0x1000CFC7C	0x00000004	[  0] init-offset
0x1000CFC80	0x00000004	[  0] init-offset
0x1000CFC84	0x00000004	[  0] init-offset
0x1000CFC88	0x00000004	[  0] init-offset
0x1000CFC8C	0x00000004	[  0] init-offset
0x1000CFC90	0x00000004	[  0] init-offset
0x1000CFC94	0x00000004	[  0] init-offset
0x1000CFC98	0x00000004	[  0] init-offset
0x1000CFC9C	0x00000004	[  0] init-offset
0x1000CFCA0	0x00000004	[  0] init-offset
0x1000CFCA4	0x00000004	[  0] init-offset
0x1000CFCA8	0x00000004	[  0] init-offset
0x1000CFCAC	0x00000004	[  0] init-offset
0x1000CFCB0	0x00000004	[  0] init-offset
0x1000CFCB4	0x00000004	[  0] init-offset
0x1000CFCB8	0x00000004	[  0] init-offset
0x1000CFCBC	0x00000004	[  0] init-offset
0x1000CFCC0	0x00000004	[  0] init-offset
0x1000CFCC4	0x00000004	[  0] init-offset
0x1000CFCC8	0x00000004	[  0] init-offset
0x1000CFCCC	0x00000004	[  0] init-offset
0x1000CFCD0	0x00000004	[  0] init-offset
0x1000CFCD4	0x00000004	[  0] init-offset
0x1000CFCD8	0x00000004	[  0] init-offset
0x1000CFCDC	0x00000004	[  0] init-offset
0x1000CFCE0	0x00000004	[  0] init-offset
0x1000CFCE4	0x00000004	[  0] init-offset
0x1000CFCE8	0x00000004	[  0] init-offset
0x1000CFCEC	0x00000004	[  0] init-offset
0x1000CFCF0	0x00000004	[  0] init-offset
0x1000CFCF4	0x00000004	[  0] init-offset
0x1000CFCF8	0x00000004	[  0] init-offset
0x1000CFCFC	0x00000004	[  0] init-offset
0x1000CFD00	0x00000004	[  0] init-offset
0x1000CFD04	0x00000004	[  0] init-offset
0x1000CFD08	0x00000004	[  0] init-offset
0x1000CFD0C	0x00000004	[  0] init-offset
0x1000CFD10	0x00000004	[  0] init-offset
0x1000CFD14	0x00000004	[  0] init-offset
0x1000CFD18	0x00000004	[  0] init-offset
0x1000CFD1C	0x00000004	[  0] init-offset
0x1000CFD20	0x00000004	[  0] init-offset
0x1000CFD24	0x00000004	[  0] init-offset
0x1000CFD28	0x00000004	[  0] init-offset
0x1000CFD2C	0x00000004	[  0] init-offset
0x1000CFD30	0x00000004	[  0] init-offset
0x1000CFD34	0x00000004	[  0] init-offset
0x1000CFD38	0x00000004	[  0] init-offset
0x1000CFD3C	0x00000004	[  0] init-offset
0x1000CFD40	0x00000004	[  0] init-offset
0x1000CFD44	0x00000004	[  0] init-offset
0x1000CFD48	0x00000004	[  0] init-offset
0x1000CFD4C	0x00000004	[  0] init-offset
0x1000CFD50	0x00000004	[  0] init-offset
0x1000CFD54	0x00000018	[  2] literal string: 1 32 64 12 vertices:217
0x1000CFD6C	0x0000001B	[  2] literal string: g_crusn_debug_output_quads
0x1000CFD87	0x0000001C	[  2] literal string: g_crusn_debug_output_pixels
0x1000CFDA3	0x00000010	[  3] literal string: g_crusn_machine
0x1000CFDB3	0x00000010	[  3] literal string: crusn_rom_words
0x1000CFDC3	0x0000000E	[  3] literal string: crusn_waveram
0x1000CFDD1	0x00000020	[  3] literal string: __func__.crusn_machine_rom_addr
0x1000CFDF1	0x00000005	[  3] literal string: .str
0x1000CFDF6	0x00000007	[  3] literal string: .str.1
0x1000CFDFD	0x00000007	[  3] literal string: .str.2
0x1000CFE04	0x00000007	[  3] literal string: .str.3
0x1000CFE0B	0x00000025	[  3] literal string: __func__.crusn_machine_colorram_addr
0x1000CFE30	0x00000007	[  3] literal string: .str.4
0x1000CFE37	0x00000007	[  3] literal string: .str.5
0x1000CFE3E	0x00000018	[  3] literal string: __func__.crusn_read_u32
0x1000CFE56	0x00000007	[  3] literal string: .str.6
0x1000CFE5D	0x00000007	[  3] literal string: .str.7
0x1000CFE64	0x0000000F	[  3] literal string: CRUSN_ROM_PATH
0x1000CFE73	0x00000023	[  3] literal string: __func__.crusn_machine_screen_page
0x1000CFE96	0x00000028	[  3] literal string: __func__.crusn_machine_set_screen_pages
0x1000CFEBE	0x00000029	[  3] literal string: __func__.crusn_machine_clear_screen_page
0x1000CFEE7	0x00000007	[  3] literal string: .str.8
0x1000CFEEE	0x00000007	[  3] literal string: .str.9
0x1000CFEF5	0x00000008	[  3] literal string: .str.10
0x1000CFEFD	0x00000008	[  3] literal string: .str.11
0x1000CFF05	0x0000001E	[  3] literal string: __func__.crusn_load_rom_words
0x1000CFF23	0x00000008	[  3] literal string: .str.12
0x1000CFF2B	0x00000008	[  3] literal string: .str.13
0x1000CFF33	0x00000008	[  3] literal string: .str.14
0x1000CFF3B	0x00000008	[  3] literal string: .str.15
0x1000CFF43	0x00000008	[  3] literal string: .str.16
0x1000CFF4B	0x00000016	[  4] literal string: 1 32 48 10 regions:33
0x1000CFF61	0x00000016	[  4] literal string: 1 32 48 10 regions:18
0x1000CFF77	0x0000001C	[  4] literal string: __func__.crusn_mem_rd32_map
0x1000CFF93	0x0000001C	[  4] literal string: __func__.crusn_mem_wr32_map
0x1000CFFAF	0x0000008A	[  7] literal string: 5 32 128 15 actual_name:992 192 128 16 expected_buf:993 352 128 14 actual_buf:994 512 404 10 entry1:995 992 4 24 expected_rom_address:998
0x1000D0039	0x00000013	[  7] literal string: 1 32 32 8 info:348
0x1000D004C	0x00000057	[  7] literal string: 4 32 512 8 line:579 608 128 12 name_buf:588 768 260 12 file_buf:589 1104 4 9 value:590
0x1000D00A3	0x00000037	[  7] literal string: 2 32 160 16 expected_buf:194 256 160 14 actual_buf:195
0x1000D00DA	0x0000003B	[  7] literal string: 2 32 4 23 breakpoint_address:1064 48 64 15 actual_buf:1066
0x1000D0115	0x00000020	[  7] literal string: 1 32 128 19 float_reg_name:1193
0x1000D0135	0x0000006C	[  7] literal string: 4 32 404 11 entry1:1091 512 128 16 actual_name:1092 672 160 17 expected_buf:1093 896 160 15 actual_buf:1094
0x1000D01A1	0x0000003B	[  7] literal string: 2 32 4 23 breakpoint_address:1148 48 64 15 actual_buf:1150
0x1000D01DC	0x00000013	[  7] literal string: 1 32 8 9 value:775
0x1000D01EF	0x00000064	[  7] literal string: 4 32 404 10 entry1:719 512 64 16 expected_buf:720 608 64 14 actual_buf:721 704 96 14 reason_buf:722
0x1000D0253	0x00000064	[  7] literal string: 4 32 404 10 entry1:684 512 32 16 expected_buf:685 576 32 14 actual_buf:686 640 64 14 reason_buf:687
0x1000D02B7	0x0000006A	[  7] literal string: 4 32 128 16 actual_name:1224 192 64 17 expected_buf:1225 288 64 15 actual_buf:1226 384 404 11 entry1:1227
0x1000D0321	0x000000A6	[  7] literal string: 6 32 320 16 expected_buf:924 416 320 14 actual_buf:925 800 320 20 actual_dump_path:926 1184 128 15 message_buf:927 1344 512 14 detail_buf:928 1920 8 13 dump_size:929
0x1000D03C7	0x0000003C	[  7] literal string: 3 32 512 8 line:223 608 8 7 end:231 640 128 12 raw_name:233
0x1000D0403	0x0000003C	[  7] literal string: 3 32 512 8 line:276 608 4 11 address:283 624 128 8 name:284
0x1000D043F	0x00000035	[  7] literal string: 2 32 128 15 writer_file:160 192 4 15 writer_line:161
0x1000D0474	0x00000013	[  7] literal string: 1 32 32 8 info:372
0x1000D0487	0x00000052	[  7] literal string: 3 32 128 15 actual_name:649 192 128 16 expected_buf:650 352 128 14 actual_buf:651
0x1000D04D9	0x00000017	[  7] literal string: mame_validate_disabled
0x1000D04F0	0x0000000F	[  7] literal string: abort_on_error
0x1000D04FF	0x00000017	[  7] literal string: fail_on_wrong_consumer
0x1000D0516	0x0000000A	[  7] literal string: print_oks
0x1000D0520	0x0000001D	[  7] literal string: validate_current_call_failed
0x1000D053D	0x0000001B	[  7] literal string: g_validate_log_line_number
0x1000D0558	0x00000008	[  7] literal string: .str.17
0x1000D0560	0x00000008	[  7] literal string: .str.18
0x1000D0568	0x00000008	[  7] literal string: .str.19
0x1000D0570	0x00000008	[  7] literal string: .str.20
0x1000D0578	0x00000008	[  7] literal string: .str.21
0x1000D0580	0x00000008	[  7] literal string: .str.22
0x1000D0588	0x0000001F	[  7] literal string: g_validate_environment_checked
0x1000D05A7	0x00000008	[  7] literal string: .str.23
0x1000D05AF	0x00000017	[  7] literal string: validate_log_exhausted
0x1000D05C6	0x0000000B	[  7] literal string: g_port_map
0x1000D05D1	0x00000017	[  7] literal string: g_validate_maps_loaded
0x1000D05E8	0x00000008	[  7] literal string: .str.24
0x1000D05F0	0x00000008	[  7] literal string: .str.25
0x1000D05F8	0x0000000E	[  7] literal string: g_address_map
0x1000D0606	0x00000008	[  7] literal string: .str.26
0x1000D060E	0x00000008	[  7] literal string: .str.27
0x1000D0616	0x00000008	[  7] literal string: .str.28
0x1000D061E	0x00000008	[  7] literal string: .str.29
0x1000D0626	0x00000008	[  7] literal string: .str.30
0x1000D062E	0x00000008	[  7] literal string: .str.31
0x1000D0636	0x00000008	[  7] literal string: .str.32
0x1000D063E	0x00000008	[  7] literal string: .str.33
0x1000D0646	0x00000008	[  7] literal string: .str.34
0x1000D064E	0x00000008	[  7] literal string: .str.35
0x1000D0656	0x00000008	[  7] literal string: .str.36
0x1000D065E	0x00000008	[  7] literal string: .str.37
0x1000D0666	0x00000008	[  7] literal string: .str.38
0x1000D066E	0x00000008	[  7] literal string: .str.39
0x1000D0676	0x00000008	[  7] literal string: .str.40
0x1000D067E	0x00000008	[  7] literal string: .str.41
0x1000D0686	0x00000008	[  7] literal string: .str.42
0x1000D068E	0x0000000F	[  7] literal string: g_validate_log
0x1000D069D	0x00000008	[  7] literal string: .str.43
0x1000D06A5	0x00000008	[  7] literal string: .str.44
0x1000D06AD	0x00000008	[  7] literal string: .str.45
0x1000D06B5	0x00000008	[  7] literal string: .str.46
0x1000D06BD	0x00000008	[  7] literal string: .str.47
0x1000D06C5	0x00000008	[  7] literal string: .str.48
0x1000D06CD	0x00000008	[  7] literal string: .str.49
0x1000D06D5	0x00000008	[  7] literal string: .str.50
0x1000D06DD	0x00000008	[  7] literal string: .str.51
0x1000D06E5	0x00000008	[  7] literal string: .str.52
0x1000D06ED	0x00000008	[  7] literal string: .str.53
0x1000D06F5	0x00000008	[  7] literal string: .str.54
0x1000D06FD	0x00000008	[  7] literal string: .str.55
0x1000D0705	0x00000008	[  7] literal string: .str.56
0x1000D070D	0x00000008	[  7] literal string: .str.57
0x1000D0715	0x00000008	[  7] literal string: .str.58
0x1000D071D	0x00000008	[  7] literal string: .str.59
0x1000D0725	0x00000008	[  7] literal string: .str.60
0x1000D072D	0x00000008	[  7] literal string: .str.61
0x1000D0735	0x00000008	[  7] literal string: .str.62
0x1000D073D	0x00000008	[  7] literal string: .str.63
0x1000D0745	0x00000008	[  7] literal string: .str.64
0x1000D074D	0x00000008	[  7] literal string: .str.65
0x1000D0755	0x00000008	[  7] literal string: .str.66
0x1000D075D	0x00000008	[  7] literal string: .str.67
0x1000D0765	0x00000008	[  7] literal string: .str.68
0x1000D076D	0x00000008	[  7] literal string: .str.69
0x1000D0775	0x00000008	[  7] literal string: .str.70
0x1000D077D	0x00000008	[  7] literal string: .str.71
0x1000D0785	0x00000008	[  7] literal string: .str.72
0x1000D078D	0x00000008	[  7] literal string: .str.73
0x1000D0795	0x00000008	[  7] literal string: .str.74
0x1000D079D	0x00000008	[  7] literal string: .str.75
0x1000D07A5	0x00000008	[  7] literal string: .str.76
0x1000D07AD	0x00000008	[  7] literal string: .str.77
0x1000D07B5	0x0000001C	[  8] literal string: 1 32 8 17 closest_racer:999
0x1000D07D1	0x00000038	[  8] literal string: 2 32 12 18 camera_vector:2214 64 12 16 transformed:2215
0x1000D0809	0x0000001C	[  8] literal string: 1 32 80 16 chosen_cars:1584
0x1000D0825	0x00000035	[  8] literal string: 2 32 8 16 road_height:1102 64 4 17 observed_raw:1175
0x1000D085A	0x0000003A	[  8] literal string: 2 32 16 18 camera_values:2279 64 16 18 target_values:2280
0x1000D0894	0x0000001C	[  8] literal string: 1 32 4 17 observed_raw:2066
0x1000D08B0	0x0000000D	[  8] literal string: ATTR_WAVETAB
0x1000D08BD	0x00000009	[  8] literal string: VIEWLIST
0x1000D08C6	0x0000000C	[  8] literal string: GGPARK_LIST
0x1000D08D2	0x0000000B	[  8] literal string: ACCEL_RATE
0x1000D08DD	0x0000000A	[  8] literal string: ZOOMACCEL
0x1000D08E7	0x0000000D	[  8] literal string: BEVHILL_LIST
0x1000D08F4	0x0000000D	[  8] literal string: GCANYON_LIST
0x1000D0901	0x0000000D	[  8] literal string: CHICAGO_LIST
0x1000D090E	0x0000000C	[  9] literal string: SPIN_CARTAB
0x1000D091A	0x0000001A	[ 11] literal string: 1 32 4 15 dgroup_head:262
0x1000D0934	0x0000001B	[ 11] literal string: 1 32 4 16 object_count:759
0x1000D094F	0x0000004C	[ 11] literal string: 3 32 24 18 section_header:441 96 4 15 dgroup_head:446 112 8 12 distance:450
0x1000D099B	0x0000002C	[ 11] literal string: 2 32 8 12 delta_x:1636 64 8 12 delta_z:1637
0x1000D09C7	0x0000002D	[ 11] literal string: 2 32 8 15 rom_cursor:2494 64 4 10 count:2497
0x1000D09F4	0x00000018	[ 11] literal string: 1 32 4 13 group_id.addr
0x1000D0A0C	0x0000000B	[ 11] literal string: START_RADY
0x1000D0A17	0x0000001E	[ 11] literal string: __func__.FIND_STARTING_VALUES
0x1000D0A35	0x00000012	[ 11] literal string: __func__.BGD_INIT
0x1000D0A47	0x00000008	[ 11] literal string: SECRADY
0x1000D0A4F	0x0000000A	[ 11] literal string: DACT_DIST
0x1000D0A59	0x00000010	[ 11] literal string: ATTR_DDACT_DIST
0x1000D0A69	0x0000000B	[ 11] literal string: DDACT_DIST
0x1000D0A74	0x0000000C	[ 11] literal string: ROUTINE_TAB
0x1000D0A80	0x00000008	[ 11] literal string: FLAGANI
0x1000D0A88	0x00000005	[ 12] literal string: LEG1
0x1000D0A8D	0x00000005	[ 12] literal string: LEG2
0x1000D0A92	0x00000005	[ 12] literal string: LEG3
0x1000D0A97	0x00000005	[ 12] literal string: LEG4
0x1000D0A9C	0x00000005	[ 12] literal string: LEG5
0x1000D0AA1	0x00000005	[ 12] literal string: LEG6
0x1000D0AA6	0x00000005	[ 12] literal string: LEG7
0x1000D0AAB	0x00000005	[ 12] literal string: LEG8
0x1000D0AB0	0x00000005	[ 12] literal string: LEG9
0x1000D0AB5	0x00000006	[ 12] literal string: LEG10
0x1000D0ABB	0x00000006	[ 12] literal string: LEG11
0x1000D0AC1	0x00000006	[ 12] literal string: LEG12
0x1000D0AC7	0x00000006	[ 12] literal string: LEG13
0x1000D0ACD	0x00000006	[ 12] literal string: LEG14
0x1000D0AD3	0x00000008	[ 12] literal string: LEG_USA
0x1000D0ADB	0x0000000A	[ 12] literal string: LEG_NAMES
0x1000D0AE5	0x00000011	[ 12] literal string: BONUS_POSTLAUNCH
0x1000D0AF6	0x00000006	[ 12] literal string: WINT1
0x1000D0AFC	0x00000006	[ 12] literal string: WINT2
0x1000D0B02	0x00000017	[ 14] literal string: 1 32 4 12 exponent:273
0x1000D0B19	0x00000015	[ 14] literal string: 1 32 4 10 exponent:6
0x1000D0B2E	0x0000000D	[ 16] literal string: CHECKSUM_C00
0x1000D0B3B	0x0000000D	[ 16] literal string: CHECKSUM_C01
0x1000D0B48	0x0000000D	[ 16] literal string: CHECKSUM_C02
0x1000D0B55	0x0000000D	[ 16] literal string: CHECKSUM_C03
0x1000D0B62	0x0000000D	[ 16] literal string: CHECKSUM_C80
0x1000D0B6F	0x0000000D	[ 16] literal string: CHECKSUM_C81
0x1000D0B7C	0x0000000D	[ 16] literal string: CHECKSUM_C82
0x1000D0B89	0x0000000D	[ 16] literal string: CHECKSUM_C83
0x1000D0B96	0x0000000D	[ 16] literal string: CHECKSUM_D00
0x1000D0BA3	0x0000000D	[ 16] literal string: CHECKSUM_D01
0x1000D0BB0	0x0000000D	[ 16] literal string: CHECKSUM_D02
0x1000D0BBD	0x0000000D	[ 16] literal string: CHECKSUM_D03
0x1000D0BCA	0x0000000D	[ 16] literal string: CHECKSUM_D80
0x1000D0BD7	0x0000000D	[ 16] literal string: CHECKSUM_D81
0x1000D0BE4	0x0000000D	[ 16] literal string: CHECKSUM_D82
0x1000D0BF1	0x0000000D	[ 16] literal string: CHECKSUM_D83
0x1000D0BFE	0x0000000D	[ 16] literal string: CHECKSUM_E00
0x1000D0C0B	0x0000000D	[ 16] literal string: CHECKSUM_E01
0x1000D0C18	0x0000000D	[ 16] literal string: CHECKSUM_E02
0x1000D0C25	0x0000000D	[ 16] literal string: CHECKSUM_E03
0x1000D0C32	0x00000022	[ 17] literal string: 2 32 4 8 addr:765 48 32 7 tmp:780
0x1000D0C54	0x0000001F	[ 17] literal string: VERIFY_ADJUSTMENTS_ACCURACYTAB
0x1000D0C73	0x00000014	[ 17] literal string: DEFAULT_TABLE_TOTAL
0x1000D0C87	0x0000000E	[ 17] literal string: DEFAULT_TABLE
0x1000D0C95	0x00000009	[ 18] literal string: MSG_NULL
0x1000D0C9E	0x00000007	[ 18] literal string: MSG_41
0x1000D0CA5	0x00000008	[ 18] literal string: MSG_32D
0x1000D0CAD	0x00000007	[ 18] literal string: MSG_31
0x1000D0CB4	0x00000008	[ 18] literal string: MSG_21D
0x1000D0CBC	0x00000007	[ 18] literal string: MSG_21
0x1000D0CC3	0x00000007	[ 18] literal string: MSG_11
0x1000D0CCA	0x00000008	[ 18] literal string: MSG_11D
0x1000D0CD2	0x00000009	[ 18] literal string: MSG_11DM
0x1000D0CDB	0x0000000A	[ 18] literal string: MSG_1150D
0x1000D0CE5	0x00000007	[ 18] literal string: MSG_12
0x1000D0CEC	0x00000008	[ 18] literal string: MSG_12D
0x1000D0CF4	0x00000009	[ 18] literal string: MSG_12DM
0x1000D0CFD	0x00000007	[ 18] literal string: MSG_13
0x1000D0D04	0x00000008	[ 18] literal string: MSG_13D
0x1000D0D0C	0x00000009	[ 18] literal string: MSG_13DM
0x1000D0D15	0x00000007	[ 18] literal string: MSG_14
0x1000D0D1C	0x00000007	[ 18] literal string: MSG_15
0x1000D0D23	0x0000000B	[ 18] literal string: MSG_15X20C
0x1000D0D2E	0x0000000C	[ 18] literal string: MSG_110X20C
0x1000D0D3A	0x00000007	[ 18] literal string: MSG_16
0x1000D0D41	0x00000007	[ 18] literal string: MSG_18
0x1000D0D48	0x00000009	[ 18] literal string: MSG_25DM
0x1000D0D51	0x00000008	[ 18] literal string: MSG_35D
0x1000D0D59	0x00000009	[ 18] literal string: MSG_35DM
0x1000D0D62	0x00000008	[ 18] literal string: MSG_45D
0x1000D0D6A	0x00000008	[ 18] literal string: MSG_65D
0x1000D0D72	0x00000009	[ 18] literal string: MSG_65DM
0x1000D0D7B	0x00000008	[ 18] literal string: MSG_11F
0x1000D0D83	0x00000008	[ 18] literal string: MSG_12F
0x1000D0D8B	0x00000008	[ 18] literal string: MSG_13F
0x1000D0D93	0x00000008	[ 18] literal string: MSG_15F
0x1000D0D9B	0x0000000A	[ 18] literal string: MSG_13X5F
0x1000D0DA5	0x00000009	[ 18] literal string: MSG_110F
0x1000D0DAE	0x00000009	[ 18] literal string: MSG_120F
0x1000D0DB7	0x0000000B	[ 18] literal string: MSG_12X20F
0x1000D0DC2	0x00000008	[ 18] literal string: MSG_25F
0x1000D0DCA	0x00000009	[ 18] literal string: MSG_210F
0x1000D0DD3	0x00000009	[ 18] literal string: MSG_220F
0x1000D0DDC	0x00000008	[ 18] literal string: MSG_35F
0x1000D0DE4	0x00000009	[ 18] literal string: MSG_310F
0x1000D0DED	0x00000009	[ 18] literal string: MSG_320F
0x1000D0DF6	0x00000009	[ 18] literal string: MSG_350F
0x1000D0DFF	0x00000009	[ 18] literal string: MSG_430F
0x1000D0E08	0x00000009	[ 18] literal string: MSG_450F
0x1000D0E11	0x00000008	[ 18] literal string: MSG_55F
0x1000D0E19	0x00000009	[ 18] literal string: MSG_520F
0x1000D0E22	0x00000009	[ 18] literal string: MSG_540F
0x1000D0E2B	0x00000009	[ 18] literal string: MSG_720F
0x1000D0E34	0x00000009	[ 18] literal string: MSG_740F
0x1000D0E3D	0x0000000A	[ 18] literal string: MSG_1500L
0x1000D0E47	0x0000000C	[ 18] literal string: MSG_12X500L
0x1000D0E53	0x0000000C	[ 18] literal string: MSG_14X500L
0x1000D0E5F	0x00000009	[ 18] literal string: MSG_150P
0x1000D0E68	0x0000000B	[ 18] literal string: MSG_13X20P
0x1000D0E73	0x0000000A	[ 18] literal string: MSG_1100P
0x1000D0E7D	0x0000000F	[ 18] literal string: MSG_1100PESETA
[...]
0x10011E940	0x00000060	[ 75] _DDYNA_PTRUCKG
0x10011E9A0	0x00000060	[ 75] _DDYNA_MUSTANG
0x10011EA00	0x00000100	[ 75] _JEEPTAB
0x10011EB00	0x00000100	[ 75] _COPCARTAB
0x10011EC00	0x00000100	[ 75] _GTRUCKTABP
0x10011ED00	0x00000100	[ 75] _PSBUSTAB
0x10011EE00	0x00000660	[ 75] _VEHICLE_TABLE
0x10011F460	0x00000080	[ 75] _TESTORPAL
0x10011F4E0	0x00000080	[ 75] _HOTRODPAL
0x10011F560	0x00000080	[ 75] _JEEPPAL
0x10011F5E0	0x00000080	[ 75] _GTRUCKPAL
0x10011F660	0x00000080	[ 75] _CARAVANPAL
0x10011F6E0	0x00000080	[ 75] _MUSCLEPAL
0x10011F760	0x00000080	[ 75] _PTRUCKGPAL
0x10011F7E0	0x00000020	[  2] _g_crusn_debug_output_quads
0x10011F800	0x00000020	[  2] _g_crusn_debug_output_pixels
0x10011F820	0x00000020	[  7] _fail_on_wrong_consumer
0x10011F840	0x00000020	[  7] _print_oks
0x10011F860	0x00000020	[  7] _validate_current_call_failed
0x10011F880	0x00000020	[  7] _g_validate_log_line_number
0x10011F8A0	0x00000020	[  7] _g_validate_environment_checked
0x10011F8C0	0x00000020	[  7] _validate_log_exhausted
0x10011F8E0	0x00000040	[  7] _g_port_map
0x10011F920	0x00000020	[  7] _g_validate_maps_loaded
0x10011F940	0x00000040	[  7] _g_address_map
0x10011F980	0x00000020	[  7] _g_validate_log
0x10011F9A0	0x00000020	[ 20] _MSG_NULL
0x10011F9C0	0x00000020	[ 20] _SCS
0x10011F9E0	0x00000020	[ 26] _COLD_ENTER_RESTART
0x10011FA00	0x00000020	[ 30] _g_dirq_debug_objects
0x10011FA20	0x00000020	[ 30] _g_dirq_debug_objects_with_rom
0x10011FA40	0x00000020	[ 30] _g_dirq_debug_objects_after_z_clip
0x10011FA60	0x00000020	[ 30] _g_dirq_debug_plotpoly_calls
0x10011FA80	0x00000020	[ 30] _g_dirq_debug_plot1pal_calls
0x10011FAA0	0x00000020	[ 30] _g_dirq_debug_clipck_calls
0x10011FAC0	0x00000020	[ 30] _g_dirq_debug_clipck_clipped
0x10011FAE0	0x00000020	[ 30] _g_dirq_debug_plot1pal_polygons
0x10011FB00	0x00000020	[ 30] _g_dirq_debug_plot1pal_z_rejects
0x10011FB20	0x00000020	[ 30] _g_dirq_debug_plot1pal_hsr_rejects
0x10011FB40	0x00000020	[ 30] _g_dirq_debug_plot1pal_glitch_rejects
0x10011FB60	0x00000020	[ 30] _g_dirq_debug_plot1pal_clip_rejects
0x10011FB80	0x00000020	[ 30] _g_dirq_debug_plot1pal_emits
0x10011FBA0	0x00000020	[ 30] _g_dirq_debug_plot1pal_first_obj_id
0x10011FBC0	0x00000020	[ 30] _g_dirq_debug_plot1pal_first_poly
0x10011FBE0	0x00000020	[ 30] _g_dirq_debug_plot1pal_first_ax
0x10011FC00	0x00000020	[ 30] _g_dirq_debug_plot1pal_first_ay
0x10011FC20	0x00000020	[ 30] _g_dirq_debug_plot1pal_first_bx
0x10011FC40	0x00000020	[ 30] _g_dirq_debug_plot1pal_first_by
0x10011FC60	0x00000020	[ 30] _g_dirq_debug_plot1pal_first_cx
0x10011FC80	0x00000020	[ 30] _g_dirq_debug_plot1pal_first_cy
0x10011FCA0	0x00000020	[ 30] _g_dirq_debug_plot1pal_first_cross
0x10011FCC0	0x00000020	[ 30] _POSTERMATRIX2D
0x10011FCE0	0x00000020	[ 30] _g_dirq_debug_frame
0x10011FD00	0x00000020	[ 46] _LEG_FLAG
0x10011FD20	0x00000080	[ 75] _NOPAL
0x10011FDA0	0x00000020	[ 77] _g_measure_attract_timing
0x10011FDC0	0x00000020	[ 77] _g_attract_start_counter
0x10011FDE0	0x00000020	[ 77] _g_display_running
0x10011FE00	0x00000020	[ 77] _g_display_video
0x10011FE20	0x00000020	[ 77] _g_display_machine
0x10011FE40	0x00000020	[  3] _g_crusn_machine
0x10011FE60	0x00A40000	[  3] _crusn_rom_words
0x100B5FE60	0x00840000	[  3] _crusn_waveram
0x10139FE60	0x00000020	[  7] _mame_validate_disabled
0x10139FE80	0x00000020	[ 11] _START_RADY
0x10139FEA0	0x00000020	[ 11] _SECRADY
0x10139FEC0	0x00000020	[ 18] _MSG_NULL
0x10139FEE0	0x00000020	[ 19] _PMULT
0x10139FF00	0x00000020	[ 26] _FRAMETIME
0x10139FF20	0x00000020	[ 26] _GAME_TIMER
0x10139FF40	0x00000020	[ 26] _TIMEFRAME
0x10139FF60	0x00000020	[ 38] _YINCREMENT
0x10139FF80	0x00000020	[ 43] _CAMRADY
0x10139FFA0	0x00000020	[ 43] _HIGHEST_ROADY
0x10139FFC0	0x00000020	[ 43] _HIGHEST_ROADY_X
0x10139FFE0	0x00000020	[ 43] _VAR_ROAD_KFACTOR
0x1013A0000	0x00000020	[ 43] _INFIN_CORRECT
0x1013A0020	0x00000020	[ 46] _LEG_RADY
0x1013A0040	0x00000020	[ 48] _MAPPAL13
0x1013A0060	0x00000020	[ 48] _MAPPAL24
0x1013A0080	0x00000020	[ 57] _ZOOMD
0x1013A00A0	0x00000020	[ 57] _ZOOMDD
0x1013A00C0	0x00000020	[ 57] _ZOOMDG
0x1013A00E0	0x00000020	[ 57] _ZOOMHD
0x1013A0100	0x00000020	[ 57] _ZOOMHG
0x1013A0120	0x00000020	[ 57] _OLDPLYSPD
0x1013A0140	0x00000020	[ 57] _CHEATACC
0x1013A0160	0x00000020	[ 57] _CHEAT
0x1013A0180	0x00000020	[ 57] _PEDALMN
0x1013A01A0	0x00000020	[ 57] _PEDALMX
0x1013A01C0	0x00000020	[ 57] _STEERMN
0x1013A01E0	0x00000020	[ 57] _STEERMX
0x1013A0200	0x00000020	[ 57] _STEERCT
0x1013A0220	0x00000020	[ 57] _BRAKEMN
0x1013A0240	0x00000020	[ 57] _BRAKEMX
0x1013A0260	0x00000020	[ 57] _STEERFR
0x1013A0280	0x00000020	[ 61] _THE_TRAIN_SPEED
0x1013A02A0	0x00000020	[ 63] _ROADKILL_SOUND_TIMER
0x1013A02C0	0x00000020	[ 73] _GUWP
0x1013A02E0	0x00000020	[ 76] _WHEELOUT
0x1013A0300	0x00000020	[ 76] _WHEELMAX
0x1013A0320	0x00000020	[ 76] _DAMPPWR
0x1013A0340	0x00000008	[  2] ____asan_globals_registered
0x1013A0348	0x00000004	[  8] _ATTRWAVE
0x1013A034C	0x00000004	[ 10] _OLDDIP
0x1013A0350	0x00000008	[ 11] _CAR_LIST
0x1013A0358	0x00000280	[ 11] _DGROUPS
0x1013A05D8	0x00000008	[ 11] _DGROUP_AW
0x1013A05E0	0x00000004	[ 11] _DGROUP_COUNT
0x1013A05E8	0x00000008	[ 11] _DRIVE_LIST
0x1013A05F0	0x00000008	[ 11] _DYNALIST_BEGIN
0x1013A05F8	0x00000008	[ 11] _DYNALIST_END
0x1013A0600	0x00000008	[ 11] _DYNALIST_TRUEBEGIN
0x1013A0608	0x00000008	[ 11] _GROUND_LIST
0x1013A0610	0x00000004	[ 11] _NEWSUBLIST_TOPB
0x1013A0618	0x00000008	[ 11] _NEW_GROUP
0x1013A0620	0x00000004	[ 11] _PASS1
0x1013A0624	0x00000004	[ 11] _SECTIONIDX
0x1013A0628	0x00000008	[ 11] _SIGN_LIST
0x1013A0630	0x00000008	[ 11] _SINGLE_SECTION_TEMPPTR
0x1013A0638	0x00000008	[ 11] _STARTS
0x1013A0640	0x00000004	[ 11] _STARTSECTION
0x1013A0648	0x00000018	[ 11] _START_POS
0x1013A0660	0x00000008	[ 11] _SUBLIST_BEGIN
0x1013A0668	0x00000008	[ 11] _SUBLIST_END
0x1013A0670	0x00000004	[ 11] _TYCOFLAG
0x1013A0674	0x00000004	[ 11] _TYCO_NTL_IDX
0x1013A0678	0x00000008	[ 11] _TYCO_TRACK
0x1013A0680	0x00000008	[ 11] _TYCO_TRACK_NTL
0x1013A0688	0x00000004	[ 12] _BONUS_WAVE
0x1013A068C	0x00000004	[ 12] _CHALLENGE_RACE
0x1013A0690	0x00000004	[ 12] _DID_TIMED_OUT
0x1013A0694	0x00000004	[ 12] _DO_FOLDFLAG
0x1013A0698	0x00000004	[ 12] _ETIME
0x1013A069C	0x00000004	[ 12] _FINISH_LINE
0x1013A06A0	0x00000380	[ 12] _GAMETRAK
0x1013A0A20	0x00000004	[ 12] _MAXMPH
0x1013A0A24	0x00000004	[ 12] _NEXT_STARTUP
0x1013A0A28	0x00000004	[ 12] _SAVED_COUNTDOWN
0x1013A0A2C	0x00000004	[ 13] _BSSSTART
0x1013A0A30	0x00000004	[ 15] _HELI_ABORT
0x1013A0A34	0x000000C8	[ 19] _BOXSCRAM
0x1013A0AFC	0x00000004	[ 19] _PLYRBEHIND
0x1013A0B00	0x00000048	[ 19] _TMATRIX
0x1013A0B48	0x00000018	[ 19] _TNORM
0x1013A0B60	0x00000018	[ 19] _TVECT1
0x1013A0B78	0x00000018	[ 19] _TVECT2
0x1013A0B90	0x00000020	[ 19] _VL
0x1013A0BB0	0x00000004	[ 20] _CMOS_WP_WORD_SHADOW
0x1013A0BB4	0x00000004	[ 20] _COINOFF
0x1013A0BB8	0x00000004	[ 20] _COIN_COUNTER1
0x1013A0BBC	0x00000004	[ 20] _COIN_COUNTER2
0x1013A0BC0	0x00000004	[ 20] _COUNTER_IDX
0x1013A0BC4	0x00000004	[ 20] _COUNTER_MODE
0x1013A0BE0	0x00000020	[ 20] _CREDITBUFFER
0x1013A0C00	0x00000028	[ 20] _CUSTOM_COINSTR
0x1013A0C28	0x00000050	[ 20] _CUSTOM_COINTAB
0x1013A0C78	0x00000004	[ 20] _FCB
0x1013A0C7C	0x00000004	[ 20] _ICF
0x1013A0C80	0x00000004	[ 20] _PCB
0x1013A0CA0	0x00000020	[ 20] _TOSTARTBUFFER
0x1013A0CC0	0x00000004	[ 20] _VOLUME_ACTIVE
0x1013A0CC4	0x00000010	[ 20] _VOLUME_COUNT
0x1013A0CD8	0x00000008	[ 21] _PLY2CAR
0x1013A0CE0	0x00000004	[ 22] _BSYNC
0x1013A0CE4	0x00000004	[ 22] _COINDROP
0x1013A0CE8	0x00000140	[ 22] _COMMQ_TMP_BUFF
0x1013A0E28	0x00000004	[ 22] _DIAGVALUE
0x1013A0E2C	0x00000004	[ 22] _HEAD2HEAD_ON
0x1013A0E30	0x00000004	[ 22] _IGNORE_UPDATES
0x1013A0E34	0x00000004	[ 22] _LINKEDP
0x1013A0E38	0x00000004	[ 22] _MY_LINKWAIT
0x1013A0E3C	0x00000004	[ 22] _MY_STATE
0x1013A0E40	0x00000004	[ 22] _OLD_OM_ATTR_MODE
0x1013A0E44	0x00000004	[ 22] _OM_ATTR_MODE
0x1013A0E48	0x00000004	[ 22] _OM_BSYNC
0x1013A0E4C	0x00000004	[ 22] _OM_CHOSEN_RACE
0x1013A0E50	0x00000004	[ 22] _OM_DIAGVALUE
0x1013A0E58	0x00000008	[ 22] _OM_DIFF
0x1013A0E60	0x00000004	[ 22] _OM_HIDDEN_ON
0x1013A0E64	0x00000004	[ 22] _OM_LINKWAIT
0x1013A0E68	0x00000004	[ 22] _OM_MODE
0x1013A0E6C	0x00000004	[ 22] _OM_POSITION
0x1013A0E70	0x00000004	[ 22] _OM_RACE_MODE
0x1013A0E74	0x00000004	[ 22] _OM_STATE
0x1013A0E78	0x00000004	[ 22] _OM_VEHICLE
0x1013A0E7C	0x00000004	[ 22] _RBUFF_LEN
0x1013A0E80	0x00000960	[ 22] _RECEIVE_BUFFER
0x1013A17E0	0x00000008	[ 22] _SAVED_PLY2CAR
0x1013A17E8	0x00000960	[ 22] _SEND_BUFFER_A
0x1013A2148	0x00000004	[ 22] _SEND_BUFFER_A_LEN
0x1013A214C	0x00000004	[ 23] _COMMFLAG
0x1013A2150	0x00000004	[ 23] _COMM_MASTER_ERROR_CNT
0x1013A2154	0x00000004	[ 23] _COMM_MASTER_TRANSES
0x1013A2158	0x00000004	[ 23] _COMM_SLAVE_ERROR_CNT
0x1013A215C	0x00000004	[ 23] _COMM_SLAVE_TRANSES
0x1013A2160	0x00000004	[ 23] _ONEFLAG
0x1013A2164	0x00000004	[ 23] _TRANSMISSION_ACTIVE
0x1013A2168	0x00000004	[ 23] _TRANSMISSION_DEAD
0x1013A216C	0x00004514	[ 24] _DECODE_STACK
0x1013A6680	0x00000004	[ 24] _DECOMP_ACTIVE
0x1013A6684	0x00008A28	[ 24] _DICT
0x1013AF0AC	0x00000004	[ 24] _FLUSH_COUNT
0x1013AF0B0	0x00000004	[ 24] _HARD_SECTION_LOAD
0x1013AF0B4	0x00000100	[ 24] _LINEBUFFER
0x1013AF1B4	0x00000004	[ 24] _NEXT_BUMP_CODE
0x1013AF1B8	0x00000004	[ 24] _PACIFY_COUNT
0x1013AF1C0	0x00000028	[ 24] _SAVE
0x1013AF1E8	0x00000004	[ 26] _BGNDCOLA
0x1013AF1EC	0x00000004	[ 26] _BUTTON_IBO
0x1013AF1F0	0x00000004	[ 26] _BUTTON_STATUS
0x1013AF1F4	0x00000004	[ 26] _BUTTON_TIK
0x1013AF1F8	0x00000004	[ 26] _BUTTON_TIKS
0x1013AF1FC	0x00000004	[ 26] _CLEARRDY
0x1013AF200	0x00000004	[ 26] _COMMINTM
0x1013AF204	0x00000004	[ 26] _DIAG_ACTIVE
0x1013AF208	0x00000004	[ 26] _DIPRAM
0x1013AF20C	0x00000004	[ 26] _DISPLAY_PAGE
0x1013AF210	0x00000004	[ 26] _ERRORN
0x1013AF214	0x00000004	[ 26] _ERRORO
0x1013AF218	0x00000004	[ 26] _FRAMRATE
0x1013AF21C	0x00000004	[ 26] _IFRAMES
0x1013AF220	0x00000004	[ 26] _INFRAMES
0x1013AF224	0x00000004	[ 26] _MPROC_TIK
0x1013AF228	0x00000004	[ 26] _NFRAMES
0x1013AF22C	0x00000004	[ 26] _NOAERASE
0x1013AF230	0x00000004	[ 26] _NOSWAP
0x1013AF234	0x00000004	[ 26] _OLD_BUTTON_STATUS
0x1013AF238	0x00000004	[ 26] _RDPOT
0x1013AF23C	0x00000004	[ 26] _STATE_NUM
0x1013AF240	0x00000004	[ 26] _STATE_TIK
0x1013AF244	0x00000004	[ 26] _SWITCHBUTS
0x1013AF248	0x0000000C	[ 26] _SWRAM
0x1013AF254	0x00000004	[ 26] _SYSCNTL
0x1013AF258	0x00000004	[ 26] _TIMECLR
0x1013AF260	0x00000190	[ 26] _TIMERAM
0x1013AF3F0	0x00000008	[ 26] _TIMEX
0x1013AF3F8	0x00000004	[ 26] _WDHIT
0x1013AF3FC	0x00000004	[ 26] __MODE
0x1013AF400	0x00000004	[ 26] __newbut
0x1013AF404	0x00000004	[ 26] __pot0
0x1013AF408	0x00000004	[ 26] __pot1
0x1013AF40C	0x00000004	[ 26] __pot2
0x1013AF410	0x00000004	[ 26] __sectime
0x1013AF414	0x00000004	[ 29] _COUNTRY
0x1013AF418	0x00000008	[ 29] _DIPTMP
0x1013AF420	0x00000004	[ 29] _LASTDIPPLOT
0x1013AF424	0x00000004	[ 29] _LASTSHIFT
0x1013AF428	0x00000004	[ 29] _MENU_SCROLL
0x1013AF42C	0x00000004	[ 29] _OLD_MOTION_CODE
0x1013AF430	0x00000004	[ 29] _PSLAST
0x1013AF434	0x00000004	[ 29] _REPEAT_SW
0x1013AF438	0x00000004	[ 29] _REPEAT_TIME
0x1013AF43C	0x00000004	[ 29] _SOFT_AUDIT
0x1013AF440	0x00000004	[ 29] __onebut
0x1013AF444	0x00000004	[ 29] __opot0
0x1013AF448	0x00000004	[ 29] __opot1
0x1013AF44C	0x00000004	[ 29] __opot2
0x1013AF450	0x00000050	[ 29] _buffer
0x1013AF4A0	0x00000C00	[ 30] _BLOWLIST
0x1013B00A0	0x00000008	[ 30] _BREAKOBJ
0x1013B00A8	0x00000500	[ 30] _CLIPRAM
0x1013B05A8	0x00000024	[ 30] _LOCTEMPER_MAT
0x1013B05CC	0x00000024	[ 30] _POSTERMATRIX
0x1013B05F0	0x00000024	[ 30] _ROTATION_MATRIX
0x1013B0614	0x0000000C	[ 30] _TMPMAT
0x1013B0620	0x0000000C	[ 30] _TRANSVECTOR
0x1013B062C	0x00000024	[ 30] __CAMERAMATRIX
0x1013B0650	0x0000000C	[ 30] __CAMERAPOS
0x1013B065C	0x0000000C	[ 30] __CAMERARAD
0x1013B0668	0x0000000C	[ 30] __LIGHT
0x1013B0674	0x00000024	[ 30] __MATRIXA
0x1013B0698	0x00000024	[ 30] __MATRIXB
0x1013B06BC	0x00000024	[ 30] __MATRIXC
0x1013B06E0	0x0000000C	[ 30] __VECTORA
0x1013B06EC	0x0000000C	[ 30] __VECTORB
0x1013B06F8	0x0000000C	[ 30] __VECTORC
0x1013B0704	0x0000000C	[ 30] __VECTORD
0x1013B0710	0x00000004	[ 31] _COCONUT_COUNT
0x1013B0714	0x00000004	[ 31] _DD_MAX_DRONES
0x1013B0718	0x00000004	[ 31] _DD_SLP
0x1013B071C	0x00000004	[ 31] _DD_VAR
0x1013B0720	0x00000004	[ 31] _DRONENUM
0x1013B0724	0x00000004	[ 31] _DRONE_COUNT
0x1013B0728	0x00000004	[ 31] _DRONE_DISPATCH_P
0x1013B072C	0x00000004	[ 31] _MIN_TRACK_TIME
0x1013B0730	0x00000004	[ 31] _ONCSCREEN_CARS
0x1013B0734	0x00000004	[ 31] _RACER_GRID_START
0x1013B0738	0x00000004	[ 31] _SMOKE_COUNT
0x1013B073C	0x00000004	[ 31] _SUSPEND_MODE
0x1013B0740	0x00000004	[ 32] _SCREENWIPE_DONE
0x1013B0744	0x00000008	[ 35] _ftoa_tmp
0x1013B074C	0x00000004	[ 38] _FONTUSED
0x1013B0750	0x00000004	[ 39] _WATCHOBJ
0x1013B0754	0x00000004	[ 41] _RADIO_HS_SHADOW
0x1013B0758	0x00000004	[ 41] _RADIO_HS_SWITCH
0x1013B075C	0x00000008	[ 42] _COUNTDOWN_BUF
0x1013B0764	0x00000004	[ 42] _MAXMPH_COUNT
0x1013B0768	0x00000004	[ 42] _MOVEIN_OFFSET
0x1013B076C	0x00000008	[ 42] _MPH_BUFFER
0x1013B0774	0x00000008	[ 42] _OFFROADBUFF
0x1013B077C	0x00000004	[ 42] _POSITION
0x1013B0780	0x00000004	[ 42] _SCORE
0x1013B0784	0x00000080	[ 42] _TACHOMETER_PAL
0x1013B0804	0x00000004	[ 42] __MPH
0x1013B0808	0x00000004	[ 42] __countdown
0x1013B0810	0x00000008	[ 43] _AMOUNT_CLIPPED
0x1013B0818	0x00000004	[ 44] _BABE_CONTROL
0x1013B081C	0x00000004	[ 44] _BONUS_WAITFLAG
0x1013B0820	0x00000204	[ 44] _CAR1PAL
0x1013B0A24	0x00000204	[ 44] _CAR2PAL
0x1013B0C28	0x00000204	[ 44] _CAR3PAL
0x1013B0E2C	0x00000204	[ 44] _CAR4PAL
0x1013B1030	0x00000010	[ 44] _CAR_ARRAY
0x1013B1040	0x00000004	[ 44] _CAR_CHOICE_GOTTEN
0x1013B1044	0x00000004	[ 44] _CHECKPOINT_NUM
0x1013B1048	0x00000004	[ 44] _CHOOSENCAR
0x1013B104C	0x00000004	[ 44] _CHOSEN_RACE
0x1013B1050	0x00000004	[ 44] _CHOSEN_TRANSMISSION
0x1013B1054	0x00000004	[ 44] _CHOSEN_VEHICLE
0x1013B1058	0x00000004	[ 44] _CURR_FLAGSTATE
0x1013B105C	0x00000004	[ 44] _DIRTY_SHARED
0x1013B1060	0x00000004	[ 44] _END_OF_GAMEP
0x1013B1064	0x00000004	[ 44] _FIRST_RACE
0x1013B1068	0x00000004	[ 44] _FRAMELAG
0x1013B1070	0x00000008	[ 44] _GAMEDIFF
0x1013B1078	0x00000004	[ 44] _H2H_FLAGSTATE
0x1013B107C	0x00000004	[ 44] _IS_HIDDEN
0x1013B1080	0x00000004	[ 44] _LASTCHOICE
0x1013B1084	0x00000004	[ 44] _OM_BONUS_WAITFLAG
0x1013B1088	0x00000004	[ 44] _POSES
0x1013B108C	0x00000004	[ 44] _RACE_MODE
0x1013B1090	0x00000004	[ 44] _SAVEDMODE
0x1013B1094	0x00000004	[ 44] _SPINCURR
0x1013B1098	0x00000004	[ 44] _START_HIT
0x1013B109C	0x00000004	[ 44] _START_NOW_P
0x1013B10A0	0x00000004	[ 44] __timer
0x1013B10A4	0x00000004	[ 46] _FINISH_ID
0x1013B10A8	0x00000008	[ 46] _LAST_END_CACHE
0x1013B10B0	0x00000004	[ 46] _LAST_END_INDEX
0x1013B10B8	0x00000008	[ 46] _LEGFREE
0x1013B10C0	0x00000008	[ 46] _LEGLL
0x1013B10C8	0x00000004	[ 46] _LEG_ELEMENTS
0x1013B10CC	0x00006400	[ 46] _LEG_MAP
0x1013B74CC	0x00000004	[ 46] _LEG_SECTIONIDX
0x1013B74D0	0x000005A0	[ 46] _LEG_SSLL
0x1013B7A70	0x00000004	[ 48] _STOPWATCH
0x1013B7A74	0x00000004	[ 48] _STOPWATCH_CNTL
0x1013B7A78	0x00000004	[ 48] _THIS_MACHINE_AHEAD
0x1013B7A7C	0x00000010	[ 48] _lap_buffer
0x1013B7A8C	0x00000008	[ 48] _tmp_buffer
0x1013B7A98	0x00000060	[ 49] _LOCTEMPER_MAT2
0x1013B7AF8	0x00000028	[ 50] _BASICS_RAM
0x1013B7B20	0x00000004	[ 51] _GALIL_STATUS_X
0x1013B7B24	0x00000004	[ 51] _GALIL_STATUS_Y
0x1013B7B28	0x00000004	[ 51] _GALIL_STATUS_Z
0x1013B7B2C	0x00000004	[ 51] _LATCHED_ERROR
0x1013B7B30	0x00000004	[ 51] _MOTION_NOT_ON
0x1013B7B34	0x00000004	[ 51] _MOTION_RCV_TIKS
0x1013B7B38	0x00000004	[ 51] _MOTION_STOP_HIT
0x1013B7B3C	0x00000004	[ 51] _WAITTIK
0x1013B7B40	0x00000008	[ 52] _CURRENT_PROC
0x1013B7B48	0x00000004	[ 52] _OLDSP
0x1013B7B50	0x00000008	[ 52] _PACTIVE
0x1013B7B58	0x00000008	[ 52] _PFREE
0x1013B7B60	0x00001068	[ 52] _PRCSTR
0x1013B8BC8	0x00000008	[ 53] _COMM_DRONE_PTR
0x1013B8BD0	0x00000008	[ 53] _IDLE_LIST
0x1013B8BD8	0x00000008	[ 53] _OACTIVE
0x1013B8BE0	0x00000004	[ 53] _OACTIVECNT
0x1013B8BE8	0x00000008	[ 53] _OACTIVE_PRIORITY
0x1013B8BF0	0x00033900	[ 53] _OBJSTR
0x1013EC4F0	0x00000008	[ 53] _OFREE
0x1013EC4F8	0x00000004	[ 53] _OFREECNT
0x1013EC500	0x00000008	[ 53] _OHIGH_PRIORITY
0x1013EC508	0x00000008	[ 53] _OLOW_PRIORITY
0x1013EC510	0x00000004	[ 53] _OMAX_OBJECTS
0x1013EC518	0x00000008	[ 53] _PLYRTEMP
0x1013EC520	0x00000400	[ 54] __PALLIST
0x1013EC920	0x00000004	[ 55] _CHECKPOINT_TIME_BONUS
0x1013EC924	0x00000004	[ 55] _REAL_CHECKPOINTS
0x1013EC928	0x00000200	[ 56] _PALRAM
0x1013ECB28	0x00000008	[ 56] _PALXFER_ACTIVE
0x1013ECB30	0x00000004	[ 56] _PALXFER_AVAILABLE_P
0x1013ECB38	0x00000008	[ 56] _PALXFER_FREE
0x1013ECB40	0x00001000	[ 56] _PALXFER_STR
0x1013EDB40	0x00000600	[ 56] _PTTRAM
0x1013EE140	0x00000400	[ 56] _RAWLOCS
0x1013EE540	0x00000004	[ 57] _BRAKEON
0x1013EE544	0x00000004	[ 57] _CAMVIEW
0x1013EE548	0x00000004	[ 57] _ENGVOL
0x1013EE54C	0x00000004	[ 57] _OFFROAD_TMR
0x1013EE550	0x00000004	[ 57] _OLDPLYAIR
0x1013EE554	0x00000004	[ 57] _PLAIRTIM
0x1013EE558	0x00000008	[ 57] _PLYCAR
0x1013EE560	0x00000008	[ 57] _PLYCBLK
0x1013EE568	0x00000008	[ 57] _PLYPROC
0x1013EE570	0x00000004	[ 57] _PLYRFIRST
0x1013EE574	0x00000004	[ 57] _PLYSTAT
0x1013EE578	0x00000004	[ 57] _REVFLG
0x1013EE57C	0x00000004	[ 57] _WHLOLD
0x1013EE580	0x00000004	[ 57] _WHLTIM
0x1013EE584	0x00000004	[ 57] _WRECKFLG
0x1013EE588	0x00000004	[ 57] _ZOOMH
0x1013EE58C	0x00000004	[ 57] __plyr1
0x1013EE590	0x00000004	[ 58] _CARTMP1
0x1013EE594	0x00000004	[ 58] _FINISHNUM
0x1013EE598	0x00000004	[ 58] _OM_TRACK_HI
0x1013EE59C	0x00000004	[ 58] _OM_TRACK_LO
0x1013EE5A0	0x00000004	[ 58] _PLYRCLOSE
0x1013EE5A8	0x00000050	[ 58] _RACER_PTR
0x1013EE5F8	0x000000C8	[ 58] _ROADOBSTAB
0x1013EE6C0	0x00000004	[ 59] _NOLONG_VEHICLES
0x1013EE6C4	0x00000004	[ 59] _RHOFLAG
0x1013EE6C8	0x00000004	[ 59] _RHOPAL
0x1013EE6CC	0x00000004	[ 61] _FREEZE_IT
0x1013EE6D0	0x00000004	[ 61] _KILL_TRAIN
0x1013EE6D8	0x00000008	[ 62] _ROAD_DEBRIS
0x1013EE6E0	0x00000008	[ 63] _ROADKILLXZ
0x1013EE6E8	0x00000004	[ 66] _TIRE_SMOKE_COUNT
0x1013EE6EC	0x00000004	[ 68] _DO_NOT_REENABLE_INT
0x1013EE6F0	0x00000004	[ 68] _IN_RESET_MODE
0x1013EE6F4	0x00000004	[ 68] _RESET_TIMER
0x1013EE6F8	0x00000004	[ 68] _RS_X
0x1013EE6FC	0x00000090	[ 68] _SNDSTR
0x1013EE78C	0x00000004	[ 68] _STATION_TIMEOUT
0x1013EE790	0x00000004	[ 68] _TUNE_IDX
0x1013EE798	0x00000008	[ 70] _TEXT_ACTIVE
0x1013EE7A0	0x00000008	[ 70] _TEXT_FREE
0x1013EE7A8	0x00000004	[ 70] _TEXT_FREEZE
0x1013EE7AC	0x00000004	[ 70] _TEXT_FREE_COUNT
0x1013EE7B0	0x00002800	[ 70] _TEXT_LIST
0x1013F0FB0	0x00000004	[ 71] __ACMAP
0x1013F0FB4	0x00000004	[ 71] __ACNTL
0x1013F0FB8	0x00000004	[ 71] __ADDRL
0x1013F0FBC	0x00000010	[ 71] __AIVI
0x1013F0FCC	0x00000030	[ 71] __ARPS
0x1013F0FFC	0x00000004	[ 72] _BOILEROBJ
0x1013F1000	0x00000004	[ 72] _RAW_CHOOSENTRK
0x1013F1004	0x00000004	[ 72] _TSEL_HEAD
0x1013F1008	0x00000004	[ 72] _TSEL_THEONE
0x1013F100C	0x00000004	[ 73] _CT_AUTO
0x1013F1010	0x00000004	[ 73] _CT_CURSOR
0x1013F1014	0x00000004	[ 73] _CT_LENG
0x1013F1018	0x00000004	[ 73] _CT_MAN
0x1013F101C	0x00000004	[ 73] _CT_PUSHTOCYCLE
0x1013F1020	0x00000004	[ 73] _CT_RENG
0x1013F1024	0x00000004	[ 73] _CT_TURNTOSEL
0x1013F1028	0x00000004	[ 73] _CT_WHEEL
0x1013F102C	0x00000004	[ 73] _DOORLIST
0x1013F1030	0x00000004	[ 73] _DOORTHETA
0x1013F1034	0x00000204	[ 73] _EPALRL
0x1013F1238	0x00000204	[ 73] _EPALRR
0x1013F143C	0x00000004	[ 73] _LASTCHOICEA
0x1013F1440	0x00000004	[ 73] _TRANS_HEAD
0x1013F1444	0x00000004	[ 74] _ACTIVE_SCREEN
0x1013F1448	0x00000008	[ 74] _CARFREE
0x1013F1450	0x0000238C	[ 74] _CARLIST
0x1013F37DC	0x00000004	[ 74] _CAR_COUNT
0x1013F37E0	0x00000004	[ 74] _CRTCTLRAM
0x1013F37E8	0x00000008	[ 74] _DYNAACTIVE
0x1013F37F0	0x00000008	[ 74] _DYNAFREE
0x1013F37F8	0x00003C28	[ 74] _DYNALIST
0x1013F7420	0x00000004	[ 74] _NULL_
0x1013F7424	0x00000004	[ 74] _RAND
0x1013F7428	0x00000004	[ 75] _ATTR_MODEL
0x1013F742C	0x00000004	[ 75] _LOADED
0x1013F7430	0x00000004	[ 75] _TEASE_COUNT
0x1013F7434	0x00000004	[ 75] __ATTR_MODE
0x1013F7438	0x00000004	[ 76] _POSE
0x1013F743C	0x00000004	[ 76] _WHEELPOS
0x1013F7440	0x00000004	[ 76] _WHEELPWR
0x1013F7444	0x00000004	[ 76] _WHEELVEL
0x1013F7448	0x00000004	[ 76] _lpot0
